2026-08-11 22:46:37,244 - ReferralBot - INFO - Baza muvaffaqiyatli yaratildi va ulandi.
2026-08-11 22:49:47,060 - ReferralBot - INFO - Baza muvaffaqiyatli yaratildi va ulandi.
2026-08-11 22:49:47,088 - ReferralBot - INFO - Bot ishga tushdi...
2026-08-11 22:52:48,597 - ReferralBot - INFO - Baza muvaffaqiyatli yaratildi va ulandi.
2026-08-11 22:52:48,626 - ReferralBot - INFO - Bot ishga tushdi...
2026-08-11 22:54:45,665 - ReferralBot - INFO - Baza muvaffaqiyatli yaratildi va ulandi.
2026-08-11 22:54:45,698 - ReferralBot - INFO - Bot ishga tushdi...
2026-08-11 22:59:17,426 - ReferralBot - INFO - Bot to'xtatildi.
2026-08-11 23:18:19,153 - ReferralBot - INFO - Baza muvaffaqiyatli yaratildi va ulandi.
2026-08-11 23:18:19,154 - ReferralBot - INFO - Bot ishga tushdi...
2026-08-11 23:24:16,560 - ReferralBot - INFO - Bot to'xtatildi.
2026-08-11 23:24:20,151 - ReferralBot - INFO - Baza muvaffaqiyatli yaratildi va ulandi.
2026-08-11 23:24:20,152 - ReferralBot - INFO - Bot ishga tushdi...
2026-08-11 23:24:39,164 - ReferralBot - INFO - Yangi foydalanuvchi: 6705166692 (Referrer: None)
2026-08-11 23:28:36,516 - ReferralBot - INFO - Admin 6705166692 tomonidan Majburiy kanal qo'shildi: s'
2026-08-11 23:29:10,388 - ReferralBot - INFO - Yangi foydalanuvchi: 8860097716 (Referrer: None)
2026-08-11 23:42:14,250 - ReferralBot - INFO - Bot to'xtatildi.
2026-08-11 23:42:18,358 - ReferralBot - INFO - Baza muvaffaqiyatli yaratildi va ulandi.
2026-08-11 23:42:18,359 - ReferralBot - INFO - Bot ishga tushdi...
2026-08-11 23:44:38,084 - ReferralBot - INFO - Admin 6705166692 tomonidan Oddiy kanal qo'shildi: test uchun
2026-08-11 23:47:04,516 - ReferralBot - ERROR - Kanal ma'lumotlarini olishda xatolik: (sqlalchemy.dialects.postgresql.asyncpg.IntegrityError) <class 'asyncpg.exceptions.UniqueViolationError'>: повторяющееся значение ключа нарушает ограничение уникальности "channels_channel_id_key"
DETAIL:  Ключ "(channel_id)=(-1003906882004)" уже существует.
[SQL: INSERT INTO channels (channel_id, username, title, invite_link, channel_type, is_active) VALUES ($1::BIGINT, $2::VARCHAR, $3::VARCHAR, $4::VARCHAR, $5::channeltype, $6::BOOLEAN) RETURNING channels.id, channels.created_at]
[parameters: (-1003906882004, 'xwwxwxz', "s'", 'https://t.me/+7025PdBRCwA4Yzk6', 'MANDATORY', True)]
(Background on this error at: https://sqlalche.me/e/20/gkpj)
2026-08-11 23:47:54,360 - ReferralBot - ERROR - Kanal ma'lumotlarini olishda xatolik: (sqlalchemy.dialects.postgresql.asyncpg.IntegrityError) <class 'asyncpg.exceptions.UniqueViolationError'>: повторяющееся значение ключа нарушает ограничение уникальности "channels_channel_id_key"
DETAIL:  Ключ "(channel_id)=(-1003906882004)" уже существует.
[SQL: INSERT INTO channels (channel_id, username, title, invite_link, channel_type, is_active) VALUES ($1::BIGINT, $2::VARCHAR, $3::VARCHAR, $4::VARCHAR, $5::channeltype, $6::BOOLEAN) RETURNING channels.id, channels.created_at]
[parameters: (-1003906882004, 'xwwxwxz', "s'", 'https://t.me/+7025PdBRCwA4Yzk6', 'MANDATORY', True)]
(Background on this error at: https://sqlalche.me/e/20/gkpj)
2026-08-11 23:55:55,716 - ReferralBot - INFO - Bot to'xtatildi.
2026-08-11 23:56:00,302 - ReferralBot - INFO - Baza muvaffaqiyatli yaratildi va ulandi.
2026-08-11 23:56:00,303 - ReferralBot - INFO - Bot ishga tushdi...
2026-08-12 00:00:00,523 - ReferralBot - INFO - Bot to'xtatildi.
2026-08-12 00:00:03,995 - ReferralBot - INFO - Baza muvaffaqiyatli yaratildi va ulandi.
2026-08-12 00:00:03,995 - ReferralBot - INFO - Bot ishga tushdi...
2026-08-12 13:24:09,099 - ReferralBot - INFO - Baza muvaffaqiyatli yaratildi va ulandi.
2026-08-12 13:24:09,105 - ReferralBot - INFO - Bot ishga tushdi...
2026-08-12 13:24:10,365 - ReferralBot - INFO - Yangi foydalanuvchi: 1873244570 (Referrer: None)
2026-08-12 13:57:14,509 - ReferralBot - INFO - Baza muvaffaqiyatli yaratildi va ulandi.
2026-08-12 13:57:14,510 - ReferralBot - INFO - Bot ishga tushdi...
2026-08-12 13:58:11,029 - ReferralBot - INFO - Bot to'xtatildi.
2026-08-12 13:58:14,892 - ReferralBot - INFO - Baza muvaffaqiyatli yaratildi va ulandi.
2026-08-12 13:58:14,892 - ReferralBot - INFO - Bot ishga tushdi...
2026-08-12 13:58:19,689 - ReferralBot - ERROR - Obuna tekshirishda xatolik (Kanal: -1003906882004, Foydalanuvchi: 6705166692): Telegram server says - Bad Request: chat not found
2026-08-12 13:58:24,790 - ReferralBot - ERROR - Obuna tekshirishda xatolik (Kanal: -1003906882004, Foydalanuvchi: 6705166692): Telegram server says - Bad Request: chat not found
2026-08-12 13:58:34,321 - ReferralBot - ERROR - Obuna tekshirishda xatolik (Kanal: -1003906882004, Foydalanuvchi: 6705166692): Telegram server says - Bad Request: chat not found
2026-08-12 14:00:16,621 - ReferralBot - ERROR - Obuna tekshirishda xatolik (Kanal: -1003906882004, Foydalanuvchi: 6705166692): Telegram server says - Bad Request: chat not found
2026-08-12 14:04:09,721 - ReferralBot - INFO - Yangi foydalanuvchi: 5487422248 (Referrer: 8860097716)
2026-08-12 14:05:07,929 - ReferralBot - INFO - Admin 6705166692 tomonidan Oddiy kanal o'chirildi: test uchun
2026-08-12 14:05:10,750 - ReferralBot - INFO - Admin 6705166692 tomonidan Oddiy kanal o'chirildi: test uchun
2026-08-12 14:05:51,921 - ReferralBot - INFO - Admin 6705166692 tomonidan Oddiy kanal o'chirildi: test uchun
2026-08-12 14:06:10,298 - ReferralBot - INFO - Admin 6705166692 tomonidan Oddiy kanal o'chirildi: test uchun
2026-08-12 14:06:53,524 - ReferralBot - INFO - Admin 6705166692 tomonidan Majburiy kanal o'chirildi: s'
2026-08-12 14:07:00,489 - ReferralBot - INFO - Admin 6705166692 tomonidan Majburiy kanal o'chirildi: s'
2026-08-12 14:07:17,613 - ReferralBot - ERROR - Obuna tekshirishda xatolik (Kanal: -1003906882004, Foydalanuvchi: 6705166692): Telegram server says - Bad Request: member list is inaccessible
2026-08-12 14:07:22,013 - ReferralBot - ERROR - Obuna tekshirishda xatolik (Kanal: -1003906882004, Foydalanuvchi: 6705166692): Telegram server says - Bad Request: member list is inaccessible
2026-08-12 14:08:23,772 - ReferralBot - ERROR - Obuna tekshirishda xatolik (Kanal: -1003906882004, Foydalanuvchi: 5487422248): Telegram server says - Bad Request: member list is inaccessible
2026-08-12 14:08:30,982 - ReferralBot - ERROR - Obuna tekshirishda xatolik (Kanal: -1003906882004, Foydalanuvchi: 5487422248): Telegram server says - Bad Request: member list is inaccessible
2026-08-12 14:15:18,793 - ReferralBot - INFO - Bot to'xtatildi.
2026-08-12 14:15:24,067 - ReferralBot - INFO - Baza muvaffaqiyatli yaratildi va ulandi.
2026-08-12 14:15:24,068 - ReferralBot - INFO - Bot ishga tushdi...
2026-08-12 14:15:32,398 - ReferralBot - ERROR - get_all_mandatory_channels funksiyasi queries.py da topilmadi!
2026-08-12 14:15:40,158 - ReferralBot - INFO - Admin 6705166692 tomonidan Oddiy kanal o'chirildi: test uchun
2026-08-12 14:18:21,009 - ReferralBot - INFO - Admin 6705166692 tomonidan Majburiy kanal o'chirildi: s'
2026-08-12 14:18:31,728 - ReferralBot - INFO - Admin 6705166692 tomonidan Majburiy kanal o'chirildi: s'
2026-08-12 14:18:37,462 - ReferralBot - ERROR - get_all_mandatory_channels funksiyasi queries.py da topilmadi!
2026-08-12 14:19:18,186 - ReferralBot - ERROR - get_all_mandatory_channels funksiyasi queries.py da topilmadi!
2026-08-12 14:19:25,419 - ReferralBot - ERROR - get_all_mandatory_channels funksiyasi queries.py da topilmadi!
2026-08-12 14:25:48,604 - ReferralBot - INFO - Bot to'xtatildi.
2026-08-12 14:25:52,086 - ReferralBot - INFO - Baza muvaffaqiyatli yaratildi va ulandi.
2026-08-12 14:25:52,086 - ReferralBot - INFO - Bot ishga tushdi...
2026-08-12 14:26:00,310 - ReferralBot - ERROR - get_all_mandatory_channels funksiyasi queries.py da topilmadi!
2026-08-12 14:28:37,068 - ReferralBot - ERROR - get_all_mandatory_channels funksiyasi queries.py da topilmadi!
2026-08-12 14:28:45,919 - ReferralBot - INFO - Bot to'xtatildi.
2026-08-12 14:45:36,524 - ReferralBot - INFO - Baza muvaffaqiyatli yaratildi va ulandi.
2026-08-12 14:45:36,524 - ReferralBot - INFO - Bot ishga tushdi...
2026-08-12 14:45:37,531 - ReferralBot - ERROR - Ma'lumotlar bazasidan kanallarni olishda xatolik: type object 'Channel' has no attribute 'type'
2026-08-12 14:45:37,760 - ReferralBot - ERROR - Ma'lumotlar bazasidan kanallarni olishda xatolik: type object 'Channel' has no attribute 'type'
2026-08-12 14:45:46,080 - ReferralBot - ERROR - Ma'lumotlar bazasidan kanallarni olishda xatolik: type object 'Channel' has no attribute 'type'
2026-08-12 14:45:52,682 - ReferralBot - ERROR - Ma'lumotlar bazasidan kanallarni olishda xatolik: type object 'Channel' has no attribute 'type'
2026-08-12 14:46:29,797 - ReferralBot - ERROR - Ma'lumotlar bazasidan kanallarni olishda xatolik: type object 'Channel' has no attribute 'type'
2026-08-12 14:55:53,199 - ReferralBot - INFO - Bot to'xtatildi.
2026-08-12 14:55:56,745 - ReferralBot - INFO - Baza muvaffaqiyatli yaratildi va ulandi.
2026-08-12 14:55:56,745 - ReferralBot - INFO - Bot ishga tushdi...
2026-08-12 15:21:03,001 - ReferralBot - INFO - Bot to'xtatildi.
2026-08-12 15:21:06,899 - ReferralBot - INFO - Baza muvaffaqiyatli yaratildi va ulandi.
2026-08-12 15:21:06,900 - ReferralBot - INFO - Bot ishga tushdi...
2026-08-12 15:21:14,304 - ReferralBot - ERROR - Obuna tekshirishda xatolik: Telegram server says - Bad Request: member list is inaccessible
2026-08-12 17:22:07,467 - ReferralBot - INFO - Bot to'xtatildi.
2026-08-12 19:57:01,333 - ReferralBot - INFO - Baza muvaffaqiyatli yaratildi va ulandi.
2026-08-12 19:57:01,334 - ReferralBot - INFO - Bot ishga tushdi...
2026-08-12 20:04:28,462 - ReferralBot - INFO - Bot to'xtatildi.
2026-08-12 20:04:32,465 - ReferralBot - INFO - Bot ishga tushdi...
2026-08-12 20:10:17,296 - ReferralBot - ERROR - Obuna tekshirishda xatolik: Telegram server says - Bad Request: chat not found
2026-08-12 20:10:21,358 - ReferralBot - ERROR - Obuna tekshirishda xatolik: Telegram server says - Bad Request: chat not found
2026-08-12 20:10:27,902 - ReferralBot - ERROR - Obuna tekshirishda xatolik: Telegram server says - Bad Request: chat not found
2026-08-12 20:10:30,975 - ReferralBot - ERROR - Obuna tekshirishda xatolik: Telegram server says - Bad Request: chat not found
2026-08-12 20:10:33,054 - ReferralBot - ERROR - Obuna tekshirishda xatolik: Telegram server says - Bad Request: chat not found
2026-08-12 20:11:10,593 - ReferralBot - ERROR - Obuna tekshirishda xatolik: Telegram server says - Bad Request: chat not found
2026-08-12 20:17:18,148 - ReferralBot - ERROR - Obuna tekshirishda xatolik: Telegram server says - Bad Request: chat not found
2026-08-12 20:17:40,587 - ReferralBot - ERROR - Obuna tekshirishda xatolik: Telegram server says - Bad Request: chat not found
2026-08-12 20:20:50,217 - ReferralBot - ERROR - Obuna tekshirishda xatolik: Telegram server says - Bad Request: chat not found
2026-08-12 20:25:09,610 - ReferralBot - ERROR - Obuna tekshirishda xatolik: Telegram server says - Bad Request: chat not found
2026-08-12 20:25:11,583 - ReferralBot - INFO - Bot to'xtatildi (Ctrl+C)
2026-08-12 20:31:21,495 - ReferralBot - INFO - Baza muvaffaqiyatli yaratildi va ulandi.
2026-08-12 20:31:21,510 - ReferralBot - INFO - Bot ishga tushdi...
2026-08-12 20:31:27,307 - ReferralBot - ERROR - Obuna tekshirishda xatolik: Telegram server says - Bad Request: chat not found
2026-08-12 21:50:36,748 - ReferralBot - INFO - Baza muvaffaqiyatli yaratildi va ulandi.
2026-08-12 21:50:36,764 - ReferralBot - INFO - Bot ishga tushdi...
2026-08-12 21:57:12,890 - ReferralBot - INFO - Bot to'xtatildi (Ctrl+C)
2026-08-12 21:57:17,667 - ReferralBot - INFO - Baza muvaffaqiyatli yaratildi va ulandi.
2026-08-12 21:57:17,703 - ReferralBot - INFO - Bot ishga tushdi...
2026-08-12 21:58:17,402 - ReferralBot - ERROR - Kanal qo'shishda xato: HTTP Client says - ClientOSError: [WinError 121] Превышен таймаут семафора
2026-08-12 22:44:56,860 - ReferralBot - INFO - Yangi foydalanuvchi: 7342450619 (Referrer: None)
2026-08-12 23:07:14,055 - ReferralBot - INFO - Bot to'xtatildi (Ctrl+C)
2026-08-13 18:03:27,217 - ReferralBot - INFO - Baza muvaffaqiyatli yaratildi va ulandi.
2026-08-13 18:03:27,263 - ReferralBot - INFO - Bot ishga tushdi...
2026-08-13 18:29:35,371 - ReferralBot - INFO - Bot to'xtatildi (Ctrl+C)
2026-08-13 20:45:05,167 - ReferralBot - INFO - Baza muvaffaqiyatli yaratildi va ulandi.
2026-08-13 20:45:05,188 - ReferralBot - INFO - Bot ishga tushdi...
2026-08-13 20:45:05,459 - ReferralBot - CRITICAL - Bot to'xtadi: HTTP Client says - ClientConnectorError: Cannot connect to host api.telegram.org:443 ssl:default [getaddrinfo failed]
2026-08-13 20:45:05,931 - ReferralBot - ERROR - Qayta ishga tushirish... Sabab: 'NoneType' object has no attribute 'send'
2026-08-13 20:45:06,254 - ReferralBot - ERROR - Qayta ishga tushirish... Sabab: (sqlalchemy.dialects.postgresql.asyncpg.InterfaceError) <class 'asyncpg.exceptions._base.InterfaceError'>: cannot perform operation: another operation is in progress
[SQL: SELECT pg_catalog.pg_class.relname 
FROM pg_catalog.pg_class JOIN pg_catalog.pg_namespace ON pg_catalog.pg_namespace.oid = pg_catalog.pg_class.relnamespace 
WHERE pg_catalog.pg_class.relname = $1::VARCHAR AND pg_catalog.pg_class.relkind = ANY (ARRAY[$2::VARCHAR, $3::VARCHAR, $4::VARCHAR, $5::VARCHAR, $6::VARCHAR]) AND pg_catalog.pg_table_is_visible(pg_catalog.pg_class.oid) AND pg_catalog.pg_namespace.nspname != $7::VARCHAR]
[parameters: ('users', 'r', 'p', 'f', 'v', 'm', 'pg_catalog')]
(Background on this error at: https://sqlalche.me/e/20/rvf5)
2026-08-13 20:45:06,599 - ReferralBot - ERROR - Qayta ishga tushirish... Sabab: (sqlalchemy.dialects.postgresql.asyncpg.InterfaceError) <class 'asyncpg.exceptions._base.InterfaceError'>: cannot perform operation: another operation is in progress
[SQL: SELECT pg_catalog.pg_class.relname 
FROM pg_catalog.pg_class JOIN pg_catalog.pg_namespace ON pg_catalog.pg_namespace.oid = pg_catalog.pg_class.relnamespace 
WHERE pg_catalog.pg_class.relname = $1::VARCHAR AND pg_catalog.pg_class.relkind = ANY (ARRAY[$2::VARCHAR, $3::VARCHAR, $4::VARCHAR, $5::VARCHAR, $6::VARCHAR]) AND pg_catalog.pg_table_is_visible(pg_catalog.pg_class.oid) AND pg_catalog.pg_namespace.nspname != $7::VARCHAR]
[parameters: ('users', 'r', 'p', 'f', 'v', 'm', 'pg_catalog')]
(Background on this error at: https://sqlalche.me/e/20/rvf5)
2026-08-13 20:45:07,250 - ReferralBot - ERROR - Qayta ishga tushirish... Sabab: (sqlalchemy.dialects.postgresql.asyncpg.InterfaceError) <class 'asyncpg.exceptions._base.InterfaceError'>: cannot perform operation: another operation is in progress
[SQL: SELECT pg_catalog.pg_class.relname 
FROM pg_catalog.pg_class JOIN pg_catalog.pg_namespace ON pg_catalog.pg_namespace.oid = pg_catalog.pg_class.relnamespace 
WHERE pg_catalog.pg_class.relname = $1::VARCHAR AND pg_catalog.pg_class.relkind = ANY (ARRAY[$2::VARCHAR, $3::VARCHAR, $4::VARCHAR, $5::VARCHAR, $6::VARCHAR]) AND pg_catalog.pg_table_is_visible(pg_catalog.pg_class.oid) AND pg_catalog.pg_namespace.nspname != $7::VARCHAR]
[parameters: ('users', 'r', 'p', 'f', 'v', 'm', 'pg_catalog')]
(Background on this error at: https://sqlalche.me/e/20/rvf5)
2026-08-13 20:45:08,256 - ReferralBot - ERROR - Qayta ishga tushirish... Sabab: (sqlalchemy.dialects.postgresql.asyncpg.InterfaceError) <class 'asyncpg.exceptions._base.InterfaceError'>: cannot perform operation: another operation is in progress
[SQL: SELECT pg_catalog.pg_class.relname 
FROM pg_catalog.pg_class JOIN pg_catalog.pg_namespace ON pg_catalog.pg_namespace.oid = pg_catalog.pg_class.relnamespace 
WHERE pg_catalog.pg_class.relname = $1::VARCHAR AND pg_catalog.pg_class.relkind = ANY (ARRAY[$2::VARCHAR, $3::VARCHAR, $4::VARCHAR, $5::VARCHAR, $6::VARCHAR]) AND pg_catalog.pg_table_is_visible(pg_catalog.pg_class.oid) AND pg_catalog.pg_namespace.nspname != $7::VARCHAR]
[parameters: ('users', 'r', 'p', 'f', 'v', 'm', 'pg_catalog')]
(Background on this error at: https://sqlalche.me/e/20/rvf5)
2026-08-13 20:45:09,192 - ReferralBot - ERROR - Qayta ishga tushirish... Sabab: (sqlalchemy.dialects.postgresql.asyncpg.InterfaceError) <class 'asyncpg.exceptions._base.InterfaceError'>: cannot perform operation: another operation is in progress
[SQL: SELECT pg_catalog.pg_class.relname 
FROM pg_catalog.pg_class JOIN pg_catalog.pg_namespace ON pg_catalog.pg_namespace.oid = pg_catalog.pg_class.relnamespace 
WHERE pg_catalog.pg_class.relname = $1::VARCHAR AND pg_catalog.pg_class.relkind = ANY (ARRAY[$2::VARCHAR, $3::VARCHAR, $4::VARCHAR, $5::VARCHAR, $6::VARCHAR]) AND pg_catalog.pg_table_is_visible(pg_catalog.pg_class.oid) AND pg_catalog.pg_namespace.nspname != $7::VARCHAR]
[parameters: ('users', 'r', 'p', 'f', 'v', 'm', 'pg_catalog')]
(Background on this error at: https://sqlalche.me/e/20/rvf5)
2026-08-13 20:45:10,194 - ReferralBot - ERROR - Qayta ishga tushirish... Sabab: (sqlalchemy.dialects.postgresql.asyncpg.InterfaceError) <class 'asyncpg.exceptions._base.InterfaceError'>: cannot perform operation: another operation is in progress
[SQL: SELECT pg_catalog.pg_class.relname 
FROM pg_catalog.pg_class JOIN pg_catalog.pg_namespace ON pg_catalog.pg_namespace.oid = pg_catalog.pg_class.relnamespace 
WHERE pg_catalog.pg_class.relname = $1::VARCHAR AND pg_catalog.pg_class.relkind = ANY (ARRAY[$2::VARCHAR, $3::VARCHAR, $4::VARCHAR, $5::VARCHAR, $6::VARCHAR]) AND pg_catalog.pg_table_is_visible(pg_catalog.pg_class.oid) AND pg_catalog.pg_namespace.nspname != $7::VARCHAR]
[parameters: ('users', 'r', 'p', 'f', 'v', 'm', 'pg_catalog')]
(Background on this error at: https://sqlalche.me/e/20/rvf5)
2026-08-13 20:45:11,158 - ReferralBot - ERROR - Qayta ishga tushirish... Sabab: (sqlalchemy.dialects.postgresql.asyncpg.InterfaceError) <class 'asyncpg.exceptions._base.InterfaceError'>: cannot perform operation: another operation is in progress
[SQL: SELECT pg_catalog.pg_class.relname 
FROM pg_catalog.pg_class JOIN pg_catalog.pg_namespace ON pg_catalog.pg_namespace.oid = pg_catalog.pg_class.relnamespace 
WHERE pg_catalog.pg_class.relname = $1::VARCHAR AND pg_catalog.pg_class.relkind = ANY (ARRAY[$2::VARCHAR, $3::VARCHAR, $4::VARCHAR, $5::VARCHAR, $6::VARCHAR]) AND pg_catalog.pg_table_is_visible(pg_catalog.pg_class.oid) AND pg_catalog.pg_namespace.nspname != $7::VARCHAR]
[parameters: ('users', 'r', 'p', 'f', 'v', 'm', 'pg_catalog')]
(Background on this error at: https://sqlalche.me/e/20/rvf5)
2026-08-13 20:45:11,693 - ReferralBot - ERROR - Qayta ishga tushirish... Sabab: (sqlalchemy.dialects.postgresql.asyncpg.InterfaceError) <class 'asyncpg.exceptions._base.InterfaceError'>: cannot perform operation: another operation is in progress
[SQL: SELECT pg_catalog.pg_class.relname 
FROM pg_catalog.pg_class JOIN pg_catalog.pg_namespace ON pg_catalog.pg_namespace.oid = pg_catalog.pg_class.relnamespace 
WHERE pg_catalog.pg_class.relname = $1::VARCHAR AND pg_catalog.pg_class.relkind = ANY (ARRAY[$2::VARCHAR, $3::VARCHAR, $4::VARCHAR, $5::VARCHAR, $6::VARCHAR]) AND pg_catalog.pg_table_is_visible(pg_catalog.pg_class.oid) AND pg_catalog.pg_namespace.nspname != $7::VARCHAR]
[parameters: ('users', 'r', 'p', 'f', 'v', 'm', 'pg_catalog')]
(Background on this error at: https://sqlalche.me/e/20/rvf5)
2026-08-13 20:45:12,082 - ReferralBot - ERROR - Qayta ishga tushirish... Sabab: (sqlalchemy.dialects.postgresql.asyncpg.InterfaceError) <class 'asyncpg.exceptions._base.InterfaceError'>: cannot perform operation: another operation is in progress
[SQL: SELECT pg_catalog.pg_class.relname 
FROM pg_catalog.pg_class JOIN pg_catalog.pg_namespace ON pg_catalog.pg_namespace.oid = pg_catalog.pg_class.relnamespace 
WHERE pg_catalog.pg_class.relname = $1::VARCHAR AND pg_catalog.pg_class.relkind = ANY (ARRAY[$2::VARCHAR, $3::VARCHAR, $4::VARCHAR, $5::VARCHAR, $6::VARCHAR]) AND pg_catalog.pg_table_is_visible(pg_catalog.pg_class.oid) AND pg_catalog.pg_namespace.nspname != $7::VARCHAR]
[parameters: ('users', 'r', 'p', 'f', 'v', 'm', 'pg_catalog')]
(Background on this error at: https://sqlalche.me/e/20/rvf5)
2026-08-13 20:45:12,439 - ReferralBot - ERROR - Qayta ishga tushirish... Sabab: (sqlalchemy.dialects.postgresql.asyncpg.InterfaceError) <class 'asyncpg.exceptions._base.InterfaceError'>: cannot perform operation: another operation is in progress
[SQL: SELECT pg_catalog.pg_class.relname 
FROM pg_catalog.pg_class JOIN pg_catalog.pg_namespace ON pg_catalog.pg_namespace.oid = pg_catalog.pg_class.relnamespace 
WHERE pg_catalog.pg_class.relname = $1::VARCHAR AND pg_catalog.pg_class.relkind = ANY (ARRAY[$2::VARCHAR, $3::VARCHAR, $4::VARCHAR, $5::VARCHAR, $6::VARCHAR]) AND pg_catalog.pg_table_is_visible(pg_catalog.pg_class.oid) AND pg_catalog.pg_namespace.nspname != $7::VARCHAR]
[parameters: ('users', 'r', 'p', 'f', 'v', 'm', 'pg_catalog')]
(Background on this error at: https://sqlalche.me/e/20/rvf5)
2026-08-13 20:45:12,869 - ReferralBot - ERROR - Qayta ishga tushirish... Sabab: (sqlalchemy.dialects.postgresql.asyncpg.InterfaceError) <class 'asyncpg.exceptions._base.InterfaceError'>: cannot perform operation: another operation is in progress
[SQL: SELECT pg_catalog.pg_class.relname 
FROM pg_catalog.pg_class JOIN pg_catalog.pg_namespace ON pg_catalog.pg_namespace.oid = pg_catalog.pg_class.relnamespace 
WHERE pg_catalog.pg_class.relname = $1::VARCHAR AND pg_catalog.pg_class.relkind = ANY (ARRAY[$2::VARCHAR, $3::VARCHAR, $4::VARCHAR, $5::VARCHAR, $6::VARCHAR]) AND pg_catalog.pg_table_is_visible(pg_catalog.pg_class.oid) AND pg_catalog.pg_namespace.nspname != $7::VARCHAR]
[parameters: ('users', 'r', 'p', 'f', 'v', 'm', 'pg_catalog')]
(Background on this error at: https://sqlalche.me/e/20/rvf5)
2026-08-13 20:45:13,319 - ReferralBot - ERROR - Qayta ishga tushirish... Sabab: (sqlalchemy.dialects.postgresql.asyncpg.InterfaceError) <class 'asyncpg.exceptions._base.InterfaceError'>: cannot perform operation: another operation is in progress
[SQL: SELECT pg_catalog.pg_class.relname 
FROM pg_catalog.pg_class JOIN pg_catalog.pg_namespace ON pg_catalog.pg_namespace.oid = pg_catalog.pg_class.relnamespace 
WHERE pg_catalog.pg_class.relname = $1::VARCHAR AND pg_catalog.pg_class.relkind = ANY (ARRAY[$2::VARCHAR, $3::VARCHAR, $4::VARCHAR, $5::VARCHAR, $6::VARCHAR]) AND pg_catalog.pg_table_is_visible(pg_catalog.pg_class.oid) AND pg_catalog.pg_namespace.nspname != $7::VARCHAR]
[parameters: ('users', 'r', 'p', 'f', 'v', 'm', 'pg_catalog')]
(Background on this error at: https://sqlalche.me/e/20/rvf5)
2026-08-13 20:45:13,553 - ReferralBot - ERROR - Qayta ishga tushirish... Sabab: (sqlalchemy.dialects.postgresql.asyncpg.InterfaceError) <class 'asyncpg.exceptions._base.InterfaceError'>: cannot perform operation: another operation is in progress
[SQL: SELECT pg_catalog.pg_class.relname 
FROM pg_catalog.pg_class JOIN pg_catalog.pg_namespace ON pg_catalog.pg_namespace.oid = pg_catalog.pg_class.relnamespace 
WHERE pg_catalog.pg_class.relname = $1::VARCHAR AND pg_catalog.pg_class.relkind = ANY (ARRAY[$2::VARCHAR, $3::VARCHAR, $4::VARCHAR, $5::VARCHAR, $6::VARCHAR]) AND pg_catalog.pg_table_is_visible(pg_catalog.pg_class.oid) AND pg_catalog.pg_namespace.nspname != $7::VARCHAR]
[parameters: ('users', 'r', 'p', 'f', 'v', 'm', 'pg_catalog')]
(Background on this error at: https://sqlalche.me/e/20/rvf5)
2026-08-13 20:45:13,772 - ReferralBot - ERROR - Qayta ishga tushirish... Sabab: (sqlalchemy.dialects.postgresql.asyncpg.InterfaceError) <class 'asyncpg.exceptions._base.InterfaceError'>: cannot perform operation: another operation is in progress
[SQL: SELECT pg_catalog.pg_class.relname 
FROM pg_catalog.pg_class JOIN pg_catalog.pg_namespace ON pg_catalog.pg_namespace.oid = pg_catalog.pg_class.relnamespace 
WHERE pg_catalog.pg_class.relname = $1::VARCHAR AND pg_catalog.pg_class.relkind = ANY (ARRAY[$2::VARCHAR, $3::VARCHAR, $4::VARCHAR, $5::VARCHAR, $6::VARCHAR]) AND pg_catalog.pg_table_is_visible(pg_catalog.pg_class.oid) AND pg_catalog.pg_namespace.nspname != $7::VARCHAR]
[parameters: ('users', 'r', 'p', 'f', 'v', 'm', 'pg_catalog')]
(Background on this error at: https://sqlalche.me/e/20/rvf5)
2026-08-13 20:45:14,034 - ReferralBot - ERROR - Qayta ishga tushirish... Sabab: (sqlalchemy.dialects.postgresql.asyncpg.InterfaceError) <class 'asyncpg.exceptions._base.InterfaceError'>: cannot perform operation: another operation is in progress
[SQL: SELECT pg_catalog.pg_class.relname 
FROM pg_catalog.pg_class JOIN pg_catalog.pg_namespace ON pg_catalog.pg_namespace.oid = pg_catalog.pg_class.relnamespace 
WHERE pg_catalog.pg_class.relname = $1::VARCHAR AND pg_catalog.pg_class.relkind = ANY (ARRAY[$2::VARCHAR, $3::VARCHAR, $4::VARCHAR, $5::VARCHAR, $6::VARCHAR]) AND pg_catalog.pg_table_is_visible(pg_catalog.pg_class.oid) AND pg_catalog.pg_namespace.nspname != $7::VARCHAR]
[parameters: ('users', 'r', 'p', 'f', 'v', 'm', 'pg_catalog')]
(Background on this error at: https://sqlalche.me/e/20/rvf5)
2026-08-13 20:45:14,313 - ReferralBot - ERROR - Qayta ishga tushirish... Sabab: (sqlalchemy.dialects.postgresql.asyncpg.InterfaceError) <class 'asyncpg.exceptions._base.InterfaceError'>: cannot perform operation: another operation is in progress
[SQL: SELECT pg_catalog.pg_class.relname 
FROM pg_catalog.pg_class JOIN pg_catalog.pg_namespace ON pg_catalog.pg_namespace.oid = pg_catalog.pg_class.relnamespace 
WHERE pg_catalog.pg_class.relname = $1::VARCHAR AND pg_catalog.pg_class.relkind = ANY (ARRAY[$2::VARCHAR, $3::VARCHAR, $4::VARCHAR, $5::VARCHAR, $6::VARCHAR]) AND pg_catalog.pg_table_is_visible(pg_catalog.pg_class.oid) AND pg_catalog.pg_namespace.nspname != $7::VARCHAR]
[parameters: ('users', 'r', 'p', 'f', 'v', 'm', 'pg_catalog')]
(Background on this error at: https://sqlalche.me/e/20/rvf5)
2026-08-13 20:45:14,719 - ReferralBot - ERROR - Qayta ishga tushirish... Sabab: (sqlalchemy.dialects.postgresql.asyncpg.InterfaceError) <class 'asyncpg.exceptions._base.InterfaceError'>: cannot perform operation: another operation is in progress
[SQL: SELECT pg_catalog.pg_class.relname 
FROM pg_catalog.pg_class JOIN pg_catalog.pg_namespace ON pg_catalog.pg_namespace.oid = pg_catalog.pg_class.relnamespace 
WHERE pg_catalog.pg_class.relname = $1::VARCHAR AND pg_catalog.pg_class.relkind = ANY (ARRAY[$2::VARCHAR, $3::VARCHAR, $4::VARCHAR, $5::VARCHAR, $6::VARCHAR]) AND pg_catalog.pg_table_is_visible(pg_catalog.pg_class.oid) AND pg_catalog.pg_namespace.nspname != $7::VARCHAR]
[parameters: ('users', 'r', 'p', 'f', 'v', 'm', 'pg_catalog')]
(Background on this error at: https://sqlalche.me/e/20/rvf5)
2026-08-13 20:45:15,162 - ReferralBot - ERROR - Qayta ishga tushirish... Sabab: (sqlalchemy.dialects.postgresql.asyncpg.InterfaceError) <class 'asyncpg.exceptions._base.InterfaceError'>: cannot perform operation: another operation is in progress
[SQL: SELECT pg_catalog.pg_class.relname 
FROM pg_catalog.pg_class JOIN pg_catalog.pg_namespace ON pg_catalog.pg_namespace.oid = pg_catalog.pg_class.relnamespace 
WHERE pg_catalog.pg_class.relname = $1::VARCHAR AND pg_catalog.pg_class.relkind = ANY (ARRAY[$2::VARCHAR, $3::VARCHAR, $4::VARCHAR, $5::VARCHAR, $6::VARCHAR]) AND pg_catalog.pg_table_is_visible(pg_catalog.pg_class.oid) AND pg_catalog.pg_namespace.nspname != $7::VARCHAR]
[parameters: ('users', 'r', 'p', 'f', 'v', 'm', 'pg_catalog')]
(Background on this error at: https://sqlalche.me/e/20/rvf5)
2026-08-13 20:45:15,564 - ReferralBot - ERROR - Qayta ishga tushirish... Sabab: (sqlalchemy.dialects.postgresql.asyncpg.InterfaceError) <class 'asyncpg.exceptions._base.InterfaceError'>: cannot perform operation: another operation is in progress
[SQL: SELECT pg_catalog.pg_class.relname 
FROM pg_catalog.pg_class JOIN pg_catalog.pg_namespace ON pg_catalog.pg_namespace.oid = pg_catalog.pg_class.relnamespace 
WHERE pg_catalog.pg_class.relname = $1::VARCHAR AND pg_catalog.pg_class.relkind = ANY (ARRAY[$2::VARCHAR, $3::VARCHAR, $4::VARCHAR, $5::VARCHAR, $6::VARCHAR]) AND pg_catalog.pg_table_is_visible(pg_catalog.pg_class.oid) AND pg_catalog.pg_namespace.nspname != $7::VARCHAR]
[parameters: ('users', 'r', 'p', 'f', 'v', 'm', 'pg_catalog')]
(Background on this error at: https://sqlalche.me/e/20/rvf5)
2026-08-13 20:45:15,824 - ReferralBot - ERROR - Qayta ishga tushirish... Sabab: (sqlalchemy.dialects.postgresql.asyncpg.InterfaceError) <class 'asyncpg.exceptions._base.InterfaceError'>: cannot perform operation: another operation is in progress
[SQL: SELECT pg_catalog.pg_class.relname 
FROM pg_catalog.pg_class JOIN pg_catalog.pg_namespace ON pg_catalog.pg_namespace.oid = pg_catalog.pg_class.relnamespace 
WHERE pg_catalog.pg_class.relname = $1::VARCHAR AND pg_catalog.pg_class.relkind = ANY (ARRAY[$2::VARCHAR, $3::VARCHAR, $4::VARCHAR, $5::VARCHAR, $6::VARCHAR]) AND pg_catalog.pg_table_is_visible(pg_catalog.pg_class.oid) AND pg_catalog.pg_namespace.nspname != $7::VARCHAR]
[parameters: ('users', 'r', 'p', 'f', 'v', 'm', 'pg_catalog')]
(Background on this error at: https://sqlalche.me/e/20/rvf5)
2026-08-13 20:45:16,018 - ReferralBot - ERROR - Qayta ishga tushirish... Sabab: (sqlalchemy.dialects.postgresql.asyncpg.InterfaceError) <class 'asyncpg.exceptions._base.InterfaceError'>: cannot perform operation: another operation is in progress
[SQL: SELECT pg_catalog.pg_class.relname 
FROM pg_catalog.pg_class JOIN pg_catalog.pg_namespace ON pg_catalog.pg_namespace.oid = pg_catalog.pg_class.relnamespace 
WHERE pg_catalog.pg_class.relname = $1::VARCHAR AND pg_catalog.pg_class.relkind = ANY (ARRAY[$2::VARCHAR, $3::VARCHAR, $4::VARCHAR, $5::VARCHAR, $6::VARCHAR]) AND pg_catalog.pg_table_is_visible(pg_catalog.pg_class.oid) AND pg_catalog.pg_namespace.nspname != $7::VARCHAR]
[parameters: ('users', 'r', 'p', 'f', 'v', 'm', 'pg_catalog')]
(Background on this error at: https://sqlalche.me/e/20/rvf5)
2026-08-13 20:45:16,273 - ReferralBot - ERROR - Qayta ishga tushirish... Sabab: (sqlalchemy.dialects.postgresql.asyncpg.InterfaceError) <class 'asyncpg.exceptions._base.InterfaceError'>: cannot perform operation: another operation is in progress
[SQL: SELECT pg_catalog.pg_class.relname 
FROM pg_catalog.pg_class JOIN pg_catalog.pg_namespace ON pg_catalog.pg_namespace.oid = pg_catalog.pg_class.relnamespace 
WHERE pg_catalog.pg_class.relname = $1::VARCHAR AND pg_catalog.pg_class.relkind = ANY (ARRAY[$2::VARCHAR, $3::VARCHAR, $4::VARCHAR, $5::VARCHAR, $6::VARCHAR]) AND pg_catalog.pg_table_is_visible(pg_catalog.pg_class.oid) AND pg_catalog.pg_namespace.nspname != $7::VARCHAR]
[parameters: ('users', 'r', 'p', 'f', 'v', 'm', 'pg_catalog')]
(Background on this error at: https://sqlalche.me/e/20/rvf5)
2026-08-13 20:45:16,597 - ReferralBot - ERROR - Qayta ishga tushirish... Sabab: (sqlalchemy.dialects.postgresql.asyncpg.InterfaceError) <class 'asyncpg.exceptions._base.InterfaceError'>: cannot perform operation: another operation is in progress
[SQL: SELECT pg_catalog.pg_class.relname 
FROM pg_catalog.pg_class JOIN pg_catalog.pg_namespace ON pg_catalog.pg_namespace.oid = pg_catalog.pg_class.relnamespace 
WHERE pg_catalog.pg_class.relname = $1::VARCHAR AND pg_catalog.pg_class.relkind = ANY (ARRAY[$2::VARCHAR, $3::VARCHAR, $4::VARCHAR, $5::VARCHAR, $6::VARCHAR]) AND pg_catalog.pg_table_is_visible(pg_catalog.pg_class.oid) AND pg_catalog.pg_namespace.nspname != $7::VARCHAR]
[parameters: ('users', 'r', 'p', 'f', 'v', 'm', 'pg_catalog')]
(Background on this error at: https://sqlalche.me/e/20/rvf5)
2026-08-13 20:45:16,992 - ReferralBot - ERROR - Qayta ishga tushirish... Sabab: (sqlalchemy.dialects.postgresql.asyncpg.InterfaceError) <class 'asyncpg.exceptions._base.InterfaceError'>: cannot perform operation: another operation is in progress
[SQL: SELECT pg_catalog.pg_class.relname 
FROM pg_catalog.pg_class JOIN pg_catalog.pg_namespace ON pg_catalog.pg_namespace.oid = pg_catalog.pg_class.relnamespace 
WHERE pg_catalog.pg_class.relname = $1::VARCHAR AND pg_catalog.pg_class.relkind = ANY (ARRAY[$2::VARCHAR, $3::VARCHAR, $4::VARCHAR, $5::VARCHAR, $6::VARCHAR]) AND pg_catalog.pg_table_is_visible(pg_catalog.pg_class.oid) AND pg_catalog.pg_namespace.nspname != $7::VARCHAR]
[parameters: ('users', 'r', 'p', 'f', 'v', 'm', 'pg_catalog')]
(Background on this error at: https://sqlalche.me/e/20/rvf5)
2026-08-13 20:45:27,423 - ReferralBot - ERROR - Qayta ishga tushirish... Sabab: (sqlalchemy.dialects.postgresql.asyncpg.InterfaceError) <class 'asyncpg.exceptions._base.InterfaceError'>: cannot perform operation: another operation is in progress
[SQL: SELECT pg_catalog.pg_class.relname 
FROM pg_catalog.pg_class JOIN pg_catalog.pg_namespace ON pg_catalog.pg_namespace.oid = pg_catalog.pg_class.relnamespace 
WHERE pg_catalog.pg_class.relname = $1::VARCHAR AND pg_catalog.pg_class.relkind = ANY (ARRAY[$2::VARCHAR, $3::VARCHAR, $4::VARCHAR, $5::VARCHAR, $6::VARCHAR]) AND pg_catalog.pg_table_is_visible(pg_catalog.pg_class.oid) AND pg_catalog.pg_namespace.nspname != $7::VARCHAR]
[parameters: ('users', 'r', 'p', 'f', 'v', 'm', 'pg_catalog')]
(Background on this error at: https://sqlalche.me/e/20/rvf5)
2026-08-13 20:45:28,288 - ReferralBot - ERROR - Qayta ishga tushirish... Sabab: (sqlalchemy.dialects.postgresql.asyncpg.InterfaceError) <class 'asyncpg.exceptions._base.InterfaceError'>: cannot perform operation: another operation is in progress
[SQL: SELECT pg_catalog.pg_class.relname 
FROM pg_catalog.pg_class JOIN pg_catalog.pg_namespace ON pg_catalog.pg_namespace.oid = pg_catalog.pg_class.relnamespace 
WHERE pg_catalog.pg_class.relname = $1::VARCHAR AND pg_catalog.pg_class.relkind = ANY (ARRAY[$2::VARCHAR, $3::VARCHAR, $4::VARCHAR, $5::VARCHAR, $6::VARCHAR]) AND pg_catalog.pg_table_is_visible(pg_catalog.pg_class.oid) AND pg_catalog.pg_namespace.nspname != $7::VARCHAR]
[parameters: ('users', 'r', 'p', 'f', 'v', 'm', 'pg_catalog')]
(Background on this error at: https://sqlalche.me/e/20/rvf5)
2026-08-13 20:45:29,050 - ReferralBot - ERROR - Qayta ishga tushirish... Sabab: (sqlalchemy.dialects.postgresql.asyncpg.InterfaceError) <class 'asyncpg.exceptions._base.InterfaceError'>: cannot perform operation: another operation is in progress
[SQL: SELECT pg_catalog.pg_class.relname 
FROM pg_catalog.pg_class JOIN pg_catalog.pg_namespace ON pg_catalog.pg_namespace.oid = pg_catalog.pg_class.relnamespace 
WHERE pg_catalog.pg_class.relname = $1::VARCHAR AND pg_catalog.pg_class.relkind = ANY (ARRAY[$2::VARCHAR, $3::VARCHAR, $4::VARCHAR, $5::VARCHAR, $6::VARCHAR]) AND pg_catalog.pg_table_is_visible(pg_catalog.pg_class.oid) AND pg_catalog.pg_namespace.nspname != $7::VARCHAR]
[parameters: ('users', 'r', 'p', 'f', 'v', 'm', 'pg_catalog')]
(Background on this error at: https://sqlalche.me/e/20/rvf5)
2026-08-13 20:45:30,018 - ReferralBot - ERROR - Qayta ishga tushirish... Sabab: (sqlalchemy.dialects.postgresql.asyncpg.InterfaceError) <class 'asyncpg.exceptions._base.InterfaceError'>: cannot perform operation: another operation is in progress
[SQL: SELECT pg_catalog.pg_class.relname 
FROM pg_catalog.pg_class JOIN pg_catalog.pg_namespace ON pg_catalog.pg_namespace.oid = pg_catalog.pg_class.relnamespace 
WHERE pg_catalog.pg_class.relname = $1::VARCHAR AND pg_catalog.pg_class.relkind = ANY (ARRAY[$2::VARCHAR, $3::VARCHAR, $4::VARCHAR, $5::VARCHAR, $6::VARCHAR]) AND pg_catalog.pg_table_is_visible(pg_catalog.pg_class.oid) AND pg_catalog.pg_namespace.nspname != $7::VARCHAR]
[parameters: ('users', 'r', 'p', 'f', 'v', 'm', 'pg_catalog')]
(Background on this error at: https://sqlalche.me/e/20/rvf5)
2026-08-13 20:45:30,912 - ReferralBot - ERROR - Qayta ishga tushirish... Sabab: (sqlalchemy.dialects.postgresql.asyncpg.InterfaceError) <class 'asyncpg.exceptions._base.InterfaceError'>: cannot perform operation: another operation is in progress
[SQL: SELECT pg_catalog.pg_class.relname 
FROM pg_catalog.pg_class JOIN pg_catalog.pg_namespace ON pg_catalog.pg_namespace.oid = pg_catalog.pg_class.relnamespace 
WHERE pg_catalog.pg_class.relname = $1::VARCHAR AND pg_catalog.pg_class.relkind = ANY (ARRAY[$2::VARCHAR, $3::VARCHAR, $4::VARCHAR, $5::VARCHAR, $6::VARCHAR]) AND pg_catalog.pg_table_is_visible(pg_catalog.pg_class.oid) AND pg_catalog.pg_namespace.nspname != $7::VARCHAR]
[parameters: ('users', 'r', 'p', 'f', 'v', 'm', 'pg_catalog')]
(Background on this error at: https://sqlalche.me/e/20/rvf5)
2026-08-13 20:45:31,746 - ReferralBot - ERROR - Qayta ishga tushirish... Sabab: (sqlalchemy.dialects.postgresql.asyncpg.InterfaceError) <class 'asyncpg.exceptions._base.InterfaceError'>: cannot perform operation: another operation is in progress
[SQL: SELECT pg_catalog.pg_class.relname 
FROM pg_catalog.pg_class JOIN pg_catalog.pg_namespace ON pg_catalog.pg_namespace.oid = pg_catalog.pg_class.relnamespace 
WHERE pg_catalog.pg_class.relname = $1::VARCHAR AND pg_catalog.pg_class.relkind = ANY (ARRAY[$2::VARCHAR, $3::VARCHAR, $4::VARCHAR, $5::VARCHAR, $6::VARCHAR]) AND pg_catalog.pg_table_is_visible(pg_catalog.pg_class.oid) AND pg_catalog.pg_namespace.nspname != $7::VARCHAR]
[parameters: ('users', 'r', 'p', 'f', 'v', 'm', 'pg_catalog')]
(Background on this error at: https://sqlalche.me/e/20/rvf5)
2026-08-13 20:45:32,658 - ReferralBot - ERROR - Qayta ishga tushirish... Sabab: (sqlalchemy.dialects.postgresql.asyncpg.InterfaceError) <class 'asyncpg.exceptions._base.InterfaceError'>: cannot perform operation: another operation is in progress
[SQL: SELECT pg_catalog.pg_class.relname 
FROM pg_catalog.pg_class JOIN pg_catalog.pg_namespace ON pg_catalog.pg_namespace.oid = pg_catalog.pg_class.relnamespace 
WHERE pg_catalog.pg_class.relname = $1::VARCHAR AND pg_catalog.pg_class.relkind = ANY (ARRAY[$2::VARCHAR, $3::VARCHAR, $4::VARCHAR, $5::VARCHAR, $6::VARCHAR]) AND pg_catalog.pg_table_is_visible(pg_catalog.pg_class.oid) AND pg_catalog.pg_namespace.nspname != $7::VARCHAR]
[parameters: ('users', 'r', 'p', 'f', 'v', 'm', 'pg_catalog')]
(Background on this error at: https://sqlalche.me/e/20/rvf5)
2026-08-13 20:45:33,446 - ReferralBot - ERROR - Qayta ishga tushirish... Sabab: (sqlalchemy.dialects.postgresql.asyncpg.InterfaceError) <class 'asyncpg.exceptions._base.InterfaceError'>: cannot perform operation: another operation is in progress
[SQL: SELECT pg_catalog.pg_class.relname 
FROM pg_catalog.pg_class JOIN pg_catalog.pg_namespace ON pg_catalog.pg_namespace.oid = pg_catalog.pg_class.relnamespace 
WHERE pg_catalog.pg_class.relname = $1::VARCHAR AND pg_catalog.pg_class.relkind = ANY (ARRAY[$2::VARCHAR, $3::VARCHAR, $4::VARCHAR, $5::VARCHAR, $6::VARCHAR]) AND pg_catalog.pg_table_is_visible(pg_catalog.pg_class.oid) AND pg_catalog.pg_namespace.nspname != $7::VARCHAR]
[parameters: ('users', 'r', 'p', 'f', 'v', 'm', 'pg_catalog')]
(Background on this error at: https://sqlalche.me/e/20/rvf5)
2026-08-13 20:45:34,268 - ReferralBot - ERROR - Qayta ishga tushirish... Sabab: (sqlalchemy.dialects.postgresql.asyncpg.InterfaceError) <class 'asyncpg.exceptions._base.InterfaceError'>: cannot perform operation: another operation is in progress
[SQL: SELECT pg_catalog.pg_class.relname 
FROM pg_catalog.pg_class JOIN pg_catalog.pg_namespace ON pg_catalog.pg_namespace.oid = pg_catalog.pg_class.relnamespace 
WHERE pg_catalog.pg_class.relname = $1::VARCHAR AND pg_catalog.pg_class.relkind = ANY (ARRAY[$2::VARCHAR, $3::VARCHAR, $4::VARCHAR, $5::VARCHAR, $6::VARCHAR]) AND pg_catalog.pg_table_is_visible(pg_catalog.pg_class.oid) AND pg_catalog.pg_namespace.nspname != $7::VARCHAR]
[parameters: ('users', 'r', 'p', 'f', 'v', 'm', 'pg_catalog')]
(Background on this error at: https://sqlalche.me/e/20/rvf5)
2026-08-13 20:45:35,190 - ReferralBot - ERROR - Qayta ishga tushirish... Sabab: (sqlalchemy.dialects.postgresql.asyncpg.InterfaceError) <class 'asyncpg.exceptions._base.InterfaceError'>: cannot perform operation: another operation is in progress
[SQL: SELECT pg_catalog.pg_class.relname 
FROM pg_catalog.pg_class JOIN pg_catalog.pg_namespace ON pg_catalog.pg_namespace.oid = pg_catalog.pg_class.relnamespace 
WHERE pg_catalog.pg_class.relname = $1::VARCHAR AND pg_catalog.pg_class.relkind = ANY (ARRAY[$2::VARCHAR, $3::VARCHAR, $4::VARCHAR, $5::VARCHAR, $6::VARCHAR]) AND pg_catalog.pg_table_is_visible(pg_catalog.pg_class.oid) AND pg_catalog.pg_namespace.nspname != $7::VARCHAR]
[parameters: ('users', 'r', 'p', 'f', 'v', 'm', 'pg_catalog')]
(Background on this error at: https://sqlalche.me/e/20/rvf5)
2026-08-13 20:45:36,172 - ReferralBot - ERROR - Qayta ishga tushirish... Sabab: (sqlalchemy.dialects.postgresql.asyncpg.InterfaceError) <class 'asyncpg.exceptions._base.InterfaceError'>: cannot perform operation: another operation is in progress
[SQL: SELECT pg_catalog.pg_class.relname 
FROM pg_catalog.pg_class JOIN pg_catalog.pg_namespace ON pg_catalog.pg_namespace.oid = pg_catalog.pg_class.relnamespace 
WHERE pg_catalog.pg_class.relname = $1::VARCHAR AND pg_catalog.pg_class.relkind = ANY (ARRAY[$2::VARCHAR, $3::VARCHAR, $4::VARCHAR, $5::VARCHAR, $6::VARCHAR]) AND pg_catalog.pg_table_is_visible(pg_catalog.pg_class.oid) AND pg_catalog.pg_namespace.nspname != $7::VARCHAR]
[parameters: ('users', 'r', 'p', 'f', 'v', 'm', 'pg_catalog')]
(Background on this error at: https://sqlalche.me/e/20/rvf5)
2026-08-13 20:45:36,993 - ReferralBot - ERROR - Qayta ishga tushirish... Sabab: (sqlalchemy.dialects.postgresql.asyncpg.InterfaceError) <class 'asyncpg.exceptions._base.InterfaceError'>: cannot perform operation: another operation is in progress
[SQL: SELECT pg_catalog.pg_class.relname 
FROM pg_catalog.pg_class JOIN pg_catalog.pg_namespace ON pg_catalog.pg_namespace.oid = pg_catalog.pg_class.relnamespace 
WHERE pg_catalog.pg_class.relname = $1::VARCHAR AND pg_catalog.pg_class.relkind = ANY (ARRAY[$2::VARCHAR, $3::VARCHAR, $4::VARCHAR, $5::VARCHAR, $6::VARCHAR]) AND pg_catalog.pg_table_is_visible(pg_catalog.pg_class.oid) AND pg_catalog.pg_namespace.nspname != $7::VARCHAR]
[parameters: ('users', 'r', 'p', 'f', 'v', 'm', 'pg_catalog')]
(Background on this error at: https://sqlalche.me/e/20/rvf5)
2026-08-13 20:45:37,765 - ReferralBot - ERROR - Qayta ishga tushirish... Sabab: (sqlalchemy.dialects.postgresql.asyncpg.InterfaceError) <class 'asyncpg.exceptions._base.InterfaceError'>: cannot perform operation: another operation is in progress
[SQL: SELECT pg_catalog.pg_class.relname 
FROM pg_catalog.pg_class JOIN pg_catalog.pg_namespace ON pg_catalog.pg_namespace.oid = pg_catalog.pg_class.relnamespace 
WHERE pg_catalog.pg_class.relname = $1::VARCHAR AND pg_catalog.pg_class.relkind = ANY (ARRAY[$2::VARCHAR, $3::VARCHAR, $4::VARCHAR, $5::VARCHAR, $6::VARCHAR]) AND pg_catalog.pg_table_is_visible(pg_catalog.pg_class.oid) AND pg_catalog.pg_namespace.nspname != $7::VARCHAR]
[parameters: ('users', 'r', 'p', 'f', 'v', 'm', 'pg_catalog')]
(Background on this error at: https://sqlalche.me/e/20/rvf5)
2026-08-13 20:45:38,475 - ReferralBot - ERROR - Qayta ishga tushirish... Sabab: (sqlalchemy.dialects.postgresql.asyncpg.InterfaceError) <class 'asyncpg.exceptions._base.InterfaceError'>: cannot perform operation: another operation is in progress
[SQL: SELECT pg_catalog.pg_class.relname 
FROM pg_catalog.pg_class JOIN pg_catalog.pg_namespace ON pg_catalog.pg_namespace.oid = pg_catalog.pg_class.relnamespace 
WHERE pg_catalog.pg_class.relname = $1::VARCHAR AND pg_catalog.pg_class.relkind = ANY (ARRAY[$2::VARCHAR, $3::VARCHAR, $4::VARCHAR, $5::VARCHAR, $6::VARCHAR]) AND pg_catalog.pg_table_is_visible(pg_catalog.pg_class.oid) AND pg_catalog.pg_namespace.nspname != $7::VARCHAR]
[parameters: ('users', 'r', 'p', 'f', 'v', 'm', 'pg_catalog')]
(Background on this error at: https://sqlalche.me/e/20/rvf5)
2026-08-13 20:45:39,397 - ReferralBot - ERROR - Qayta ishga tushirish... Sabab: (sqlalchemy.dialects.postgresql.asyncpg.InterfaceError) <class 'asyncpg.exceptions._base.InterfaceError'>: cannot perform operation: another operation is in progress
[SQL: SELECT pg_catalog.pg_class.relname 
FROM pg_catalog.pg_class JOIN pg_catalog.pg_namespace ON pg_catalog.pg_namespace.oid = pg_catalog.pg_class.relnamespace 
WHERE pg_catalog.pg_class.relname = $1::VARCHAR AND pg_catalog.pg_class.relkind = ANY (ARRAY[$2::VARCHAR, $3::VARCHAR, $4::VARCHAR, $5::VARCHAR, $6::VARCHAR]) AND pg_catalog.pg_table_is_visible(pg_catalog.pg_class.oid) AND pg_catalog.pg_namespace.nspname != $7::VARCHAR]
[parameters: ('users', 'r', 'p', 'f', 'v', 'm', 'pg_catalog')]
(Background on this error at: https://sqlalche.me/e/20/rvf5)
2026-08-13 20:45:40,241 - ReferralBot - ERROR - Qayta ishga tushirish... Sabab: (sqlalchemy.dialects.postgresql.asyncpg.InterfaceError) <class 'asyncpg.exceptions._base.InterfaceError'>: cannot perform operation: another operation is in progress
[SQL: SELECT pg_catalog.pg_class.relname 
FROM pg_catalog.pg_class JOIN pg_catalog.pg_namespace ON pg_catalog.pg_namespace.oid = pg_catalog.pg_class.relnamespace 
WHERE pg_catalog.pg_class.relname = $1::VARCHAR AND pg_catalog.pg_class.relkind = ANY (ARRAY[$2::VARCHAR, $3::VARCHAR, $4::VARCHAR, $5::VARCHAR, $6::VARCHAR]) AND pg_catalog.pg_table_is_visible(pg_catalog.pg_class.oid) AND pg_catalog.pg_namespace.nspname != $7::VARCHAR]
[parameters: ('users', 'r', 'p', 'f', 'v', 'm', 'pg_catalog')]
(Background on this error at: https://sqlalche.me/e/20/rvf5)
2026-08-13 20:45:40,975 - ReferralBot - ERROR - Qayta ishga tushirish... Sabab: (sqlalchemy.dialects.postgresql.asyncpg.InterfaceError) <class 'asyncpg.exceptions._base.InterfaceError'>: cannot perform operation: another operation is in progress
[SQL: SELECT pg_catalog.pg_class.relname 
FROM pg_catalog.pg_class JOIN pg_catalog.pg_namespace ON pg_catalog.pg_namespace.oid = pg_catalog.pg_class.relnamespace 
WHERE pg_catalog.pg_class.relname = $1::VARCHAR AND pg_catalog.pg_class.relkind = ANY (ARRAY[$2::VARCHAR, $3::VARCHAR, $4::VARCHAR, $5::VARCHAR, $6::VARCHAR]) AND pg_catalog.pg_table_is_visible(pg_catalog.pg_class.oid) AND pg_catalog.pg_namespace.nspname != $7::VARCHAR]
[parameters: ('users', 'r', 'p', 'f', 'v', 'm', 'pg_catalog')]
(Background on this error at: https://sqlalche.me/e/20/rvf5)
2026-08-13 20:45:41,710 - ReferralBot - ERROR - Qayta ishga tushirish... Sabab: (sqlalchemy.dialects.postgresql.asyncpg.InterfaceError) <class 'asyncpg.exceptions._base.InterfaceError'>: cannot perform operation: another operation is in progress
[SQL: SELECT pg_catalog.pg_class.relname 
FROM pg_catalog.pg_class JOIN pg_catalog.pg_namespace ON pg_catalog.pg_namespace.oid = pg_catalog.pg_class.relnamespace 
WHERE pg_catalog.pg_class.relname = $1::VARCHAR AND pg_catalog.pg_class.relkind = ANY (ARRAY[$2::VARCHAR, $3::VARCHAR, $4::VARCHAR, $5::VARCHAR, $6::VARCHAR]) AND pg_catalog.pg_table_is_visible(pg_catalog.pg_class.oid) AND pg_catalog.pg_namespace.nspname != $7::VARCHAR]
[parameters: ('users', 'r', 'p', 'f', 'v', 'm', 'pg_catalog')]
(Background on this error at: https://sqlalche.me/e/20/rvf5)
2026-08-13 20:45:42,447 - ReferralBot - ERROR - Qayta ishga tushirish... Sabab: (sqlalchemy.dialects.postgresql.asyncpg.InterfaceError) <class 'asyncpg.exceptions._base.InterfaceError'>: cannot perform operation: another operation is in progress
[SQL: SELECT pg_catalog.pg_class.relname 
FROM pg_catalog.pg_class JOIN pg_catalog.pg_namespace ON pg_catalog.pg_namespace.oid = pg_catalog.pg_class.relnamespace 
WHERE pg_catalog.pg_class.relname = $1::VARCHAR AND pg_catalog.pg_class.relkind = ANY (ARRAY[$2::VARCHAR, $3::VARCHAR, $4::VARCHAR, $5::VARCHAR, $6::VARCHAR]) AND pg_catalog.pg_table_is_visible(pg_catalog.pg_class.oid) AND pg_catalog.pg_namespace.nspname != $7::VARCHAR]
[parameters: ('users', 'r', 'p', 'f', 'v', 'm', 'pg_catalog')]
(Background on this error at: https://sqlalche.me/e/20/rvf5)
2026-08-13 20:45:43,176 - ReferralBot - ERROR - Qayta ishga tushirish... Sabab: (sqlalchemy.dialects.postgresql.asyncpg.InterfaceError) <class 'asyncpg.exceptions._base.InterfaceError'>: cannot perform operation: another operation is in progress
[SQL: SELECT pg_catalog.pg_class.relname 
FROM pg_catalog.pg_class JOIN pg_catalog.pg_namespace ON pg_catalog.pg_namespace.oid = pg_catalog.pg_class.relnamespace 
WHERE pg_catalog.pg_class.relname = $1::VARCHAR AND pg_catalog.pg_class.relkind = ANY (ARRAY[$2::VARCHAR, $3::VARCHAR, $4::VARCHAR, $5::VARCHAR, $6::VARCHAR]) AND pg_catalog.pg_table_is_visible(pg_catalog.pg_class.oid) AND pg_catalog.pg_namespace.nspname != $7::VARCHAR]
[parameters: ('users', 'r', 'p', 'f', 'v', 'm', 'pg_catalog')]
(Background on this error at: https://sqlalche.me/e/20/rvf5)
2026-08-13 20:45:44,013 - ReferralBot - ERROR - Qayta ishga tushirish... Sabab: (sqlalchemy.dialects.postgresql.asyncpg.InterfaceError) <class 'asyncpg.exceptions._base.InterfaceError'>: cannot perform operation: another operation is in progress
[SQL: SELECT pg_catalog.pg_class.relname 
FROM pg_catalog.pg_class JOIN pg_catalog.pg_namespace ON pg_catalog.pg_namespace.oid = pg_catalog.pg_class.relnamespace 
WHERE pg_catalog.pg_class.relname = $1::VARCHAR AND pg_catalog.pg_class.relkind = ANY (ARRAY[$2::VARCHAR, $3::VARCHAR, $4::VARCHAR, $5::VARCHAR, $6::VARCHAR]) AND pg_catalog.pg_table_is_visible(pg_catalog.pg_class.oid) AND pg_catalog.pg_namespace.nspname != $7::VARCHAR]
[parameters: ('users', 'r', 'p', 'f', 'v', 'm', 'pg_catalog')]
(Background on this error at: https://sqlalche.me/e/20/rvf5)
2026-08-13 20:45:44,848 - ReferralBot - ERROR - Qayta ishga tushirish... Sabab: (sqlalchemy.dialects.postgresql.asyncpg.InterfaceError) <class 'asyncpg.exceptions._base.InterfaceError'>: cannot perform operation: another operation is in progress
[SQL: SELECT pg_catalog.pg_class.relname 
FROM pg_catalog.pg_class JOIN pg_catalog.pg_namespace ON pg_catalog.pg_namespace.oid = pg_catalog.pg_class.relnamespace 
WHERE pg_catalog.pg_class.relname = $1::VARCHAR AND pg_catalog.pg_class.relkind = ANY (ARRAY[$2::VARCHAR, $3::VARCHAR, $4::VARCHAR, $5::VARCHAR, $6::VARCHAR]) AND pg_catalog.pg_table_is_visible(pg_catalog.pg_class.oid) AND pg_catalog.pg_namespace.nspname != $7::VARCHAR]
[parameters: ('users', 'r', 'p', 'f', 'v', 'm', 'pg_catalog')]
(Background on this error at: https://sqlalche.me/e/20/rvf5)
2026-08-13 20:45:45,545 - ReferralBot - ERROR - Qayta ishga tushirish... Sabab: (sqlalchemy.dialects.postgresql.asyncpg.InterfaceError) <class 'asyncpg.exceptions._base.InterfaceError'>: cannot perform operation: another operation is in progress
[SQL: SELECT pg_catalog.pg_class.relname 
FROM pg_catalog.pg_class JOIN pg_catalog.pg_namespace ON pg_catalog.pg_namespace.oid = pg_catalog.pg_class.relnamespace 
WHERE pg_catalog.pg_class.relname = $1::VARCHAR AND pg_catalog.pg_class.relkind = ANY (ARRAY[$2::VARCHAR, $3::VARCHAR, $4::VARCHAR, $5::VARCHAR, $6::VARCHAR]) AND pg_catalog.pg_table_is_visible(pg_catalog.pg_class.oid) AND pg_catalog.pg_namespace.nspname != $7::VARCHAR]
[parameters: ('users', 'r', 'p', 'f', 'v', 'm', 'pg_catalog')]
(Background on this error at: https://sqlalche.me/e/20/rvf5)
2026-08-13 20:45:46,440 - ReferralBot - ERROR - Qayta ishga tushirish... Sabab: (sqlalchemy.dialects.postgresql.asyncpg.InterfaceError) <class 'asyncpg.exceptions._base.InterfaceError'>: cannot perform operation: another operation is in progress
[SQL: SELECT pg_catalog.pg_class.relname 
FROM pg_catalog.pg_class JOIN pg_catalog.pg_namespace ON pg_catalog.pg_namespace.oid = pg_catalog.pg_class.relnamespace 
WHERE pg_catalog.pg_class.relname = $1::VARCHAR AND pg_catalog.pg_class.relkind = ANY (ARRAY[$2::VARCHAR, $3::VARCHAR, $4::VARCHAR, $5::VARCHAR, $6::VARCHAR]) AND pg_catalog.pg_table_is_visible(pg_catalog.pg_class.oid) AND pg_catalog.pg_namespace.nspname != $7::VARCHAR]
[parameters: ('users', 'r', 'p', 'f', 'v', 'm', 'pg_catalog')]
(Background on this error at: https://sqlalche.me/e/20/rvf5)
2026-08-13 20:45:47,343 - ReferralBot - ERROR - Qayta ishga tushirish... Sabab: (sqlalchemy.dialects.postgresql.asyncpg.InterfaceError) <class 'asyncpg.exceptions._base.InterfaceError'>: cannot perform operation: another operation is in progress
[SQL: SELECT pg_catalog.pg_class.relname 
FROM pg_catalog.pg_class JOIN pg_catalog.pg_namespace ON pg_catalog.pg_namespace.oid = pg_catalog.pg_class.relnamespace 
WHERE pg_catalog.pg_class.relname = $1::VARCHAR AND pg_catalog.pg_class.relkind = ANY (ARRAY[$2::VARCHAR, $3::VARCHAR, $4::VARCHAR, $5::VARCHAR, $6::VARCHAR]) AND pg_catalog.pg_table_is_visible(pg_catalog.pg_class.oid) AND pg_catalog.pg_namespace.nspname != $7::VARCHAR]
[parameters: ('users', 'r', 'p', 'f', 'v', 'm', 'pg_catalog')]
(Background on this error at: https://sqlalche.me/e/20/rvf5)
2026-08-13 20:45:48,084 - ReferralBot - ERROR - Qayta ishga tushirish... Sabab: (sqlalchemy.dialects.postgresql.asyncpg.InterfaceError) <class 'asyncpg.exceptions._base.InterfaceError'>: cannot perform operation: another operation is in progress
[SQL: SELECT pg_catalog.pg_class.relname 
FROM pg_catalog.pg_class JOIN pg_catalog.pg_namespace ON pg_catalog.pg_namespace.oid = pg_catalog.pg_class.relnamespace 
WHERE pg_catalog.pg_class.relname = $1::VARCHAR AND pg_catalog.pg_class.relkind = ANY (ARRAY[$2::VARCHAR, $3::VARCHAR, $4::VARCHAR, $5::VARCHAR, $6::VARCHAR]) AND pg_catalog.pg_table_is_visible(pg_catalog.pg_class.oid) AND pg_catalog.pg_namespace.nspname != $7::VARCHAR]
[parameters: ('users', 'r', 'p', 'f', 'v', 'm', 'pg_catalog')]
(Background on this error at: https://sqlalche.me/e/20/rvf5)
2026-08-13 20:45:49,019 - ReferralBot - ERROR - Qayta ishga tushirish... Sabab: (sqlalchemy.dialects.postgresql.asyncpg.InterfaceError) <class 'asyncpg.exceptions._base.InterfaceError'>: cannot perform operation: another operation is in progress
[SQL: SELECT pg_catalog.pg_class.relname 
FROM pg_catalog.pg_class JOIN pg_catalog.pg_namespace ON pg_catalog.pg_namespace.oid = pg_catalog.pg_class.relnamespace 
WHERE pg_catalog.pg_class.relname = $1::VARCHAR AND pg_catalog.pg_class.relkind = ANY (ARRAY[$2::VARCHAR, $3::VARCHAR, $4::VARCHAR, $5::VARCHAR, $6::VARCHAR]) AND pg_catalog.pg_table_is_visible(pg_catalog.pg_class.oid) AND pg_catalog.pg_namespace.nspname != $7::VARCHAR]
[parameters: ('users', 'r', 'p', 'f', 'v', 'm', 'pg_catalog')]
(Background on this error at: https://sqlalche.me/e/20/rvf5)
2026-08-13 20:45:49,831 - ReferralBot - ERROR - Qayta ishga tushirish... Sabab: (sqlalchemy.dialects.postgresql.asyncpg.InterfaceError) <class 'asyncpg.exceptions._base.InterfaceError'>: cannot perform operation: another operation is in progress
[SQL: SELECT pg_catalog.pg_class.relname 
FROM pg_catalog.pg_class JOIN pg_catalog.pg_namespace ON pg_catalog.pg_namespace.oid = pg_catalog.pg_class.relnamespace 
WHERE pg_catalog.pg_class.relname = $1::VARCHAR AND pg_catalog.pg_class.relkind = ANY (ARRAY[$2::VARCHAR, $3::VARCHAR, $4::VARCHAR, $5::VARCHAR, $6::VARCHAR]) AND pg_catalog.pg_table_is_visible(pg_catalog.pg_class.oid) AND pg_catalog.pg_namespace.nspname != $7::VARCHAR]
[parameters: ('users', 'r', 'p', 'f', 'v', 'm', 'pg_catalog')]
(Background on this error at: https://sqlalche.me/e/20/rvf5)
2026-08-13 20:45:50,648 - ReferralBot - ERROR - Qayta ishga tushirish... Sabab: (sqlalchemy.dialects.postgresql.asyncpg.InterfaceError) <class 'asyncpg.exceptions._base.InterfaceError'>: cannot perform operation: another operation is in progress
[SQL: SELECT pg_catalog.pg_class.relname 
FROM pg_catalog.pg_class JOIN pg_catalog.pg_namespace ON pg_catalog.pg_namespace.oid = pg_catalog.pg_class.relnamespace 
WHERE pg_catalog.pg_class.relname = $1::VARCHAR AND pg_catalog.pg_class.relkind = ANY (ARRAY[$2::VARCHAR, $3::VARCHAR, $4::VARCHAR, $5::VARCHAR, $6::VARCHAR]) AND pg_catalog.pg_table_is_visible(pg_catalog.pg_class.oid) AND pg_catalog.pg_namespace.nspname != $7::VARCHAR]
[parameters: ('users', 'r', 'p', 'f', 'v', 'm', 'pg_catalog')]
(Background on this error at: https://sqlalche.me/e/20/rvf5)
2026-08-13 20:45:51,600 - ReferralBot - ERROR - Qayta ishga tushirish... Sabab: (sqlalchemy.dialects.postgresql.asyncpg.InterfaceError) <class 'asyncpg.exceptions._base.InterfaceError'>: cannot perform operation: another operation is in progress
[SQL: SELECT pg_catalog.pg_class.relname 
FROM pg_catalog.pg_class JOIN pg_catalog.pg_namespace ON pg_catalog.pg_namespace.oid = pg_catalog.pg_class.relnamespace 
WHERE pg_catalog.pg_class.relname = $1::VARCHAR AND pg_catalog.pg_class.relkind = ANY (ARRAY[$2::VARCHAR, $3::VARCHAR, $4::VARCHAR, $5::VARCHAR, $6::VARCHAR]) AND pg_catalog.pg_table_is_visible(pg_catalog.pg_class.oid) AND pg_catalog.pg_namespace.nspname != $7::VARCHAR]
[parameters: ('users', 'r', 'p', 'f', 'v', 'm', 'pg_catalog')]
(Background on this error at: https://sqlalche.me/e/20/rvf5)
2026-08-13 20:45:52,343 - ReferralBot - ERROR - Qayta ishga tushirish... Sabab: (sqlalchemy.dialects.postgresql.asyncpg.InterfaceError) <class 'asyncpg.exceptions._base.InterfaceError'>: cannot perform operation: another operation is in progress
[SQL: SELECT pg_catalog.pg_class.relname 
FROM pg_catalog.pg_class JOIN pg_catalog.pg_namespace ON pg_catalog.pg_namespace.oid = pg_catalog.pg_class.relnamespace 
WHERE pg_catalog.pg_class.relname = $1::VARCHAR AND pg_catalog.pg_class.relkind = ANY (ARRAY[$2::VARCHAR, $3::VARCHAR, $4::VARCHAR, $5::VARCHAR, $6::VARCHAR]) AND pg_catalog.pg_table_is_visible(pg_catalog.pg_class.oid) AND pg_catalog.pg_namespace.nspname != $7::VARCHAR]
[parameters: ('users', 'r', 'p', 'f', 'v', 'm', 'pg_catalog')]
(Background on this error at: https://sqlalche.me/e/20/rvf5)
2026-08-13 20:45:53,221 - ReferralBot - ERROR - Qayta ishga tushirish... Sabab: (sqlalchemy.dialects.postgresql.asyncpg.InterfaceError) <class 'asyncpg.exceptions._base.InterfaceError'>: cannot perform operation: another operation is in progress
[SQL: SELECT pg_catalog.pg_class.relname 
FROM pg_catalog.pg_class JOIN pg_catalog.pg_namespace ON pg_catalog.pg_namespace.oid = pg_catalog.pg_class.relnamespace 
WHERE pg_catalog.pg_class.relname = $1::VARCHAR AND pg_catalog.pg_class.relkind = ANY (ARRAY[$2::VARCHAR, $3::VARCHAR, $4::VARCHAR, $5::VARCHAR, $6::VARCHAR]) AND pg_catalog.pg_table_is_visible(pg_catalog.pg_class.oid) AND pg_catalog.pg_namespace.nspname != $7::VARCHAR]
[parameters: ('users', 'r', 'p', 'f', 'v', 'm', 'pg_catalog')]
(Background on this error at: https://sqlalche.me/e/20/rvf5)
2026-08-13 20:45:54,278 - ReferralBot - ERROR - Qayta ishga tushirish... Sabab: (sqlalchemy.dialects.postgresql.asyncpg.InterfaceError) <class 'asyncpg.exceptions._base.InterfaceError'>: cannot perform operation: another operation is in progress
[SQL: SELECT pg_catalog.pg_class.relname 
FROM pg_catalog.pg_class JOIN pg_catalog.pg_namespace ON pg_catalog.pg_namespace.oid = pg_catalog.pg_class.relnamespace 
WHERE pg_catalog.pg_class.relname = $1::VARCHAR AND pg_catalog.pg_class.relkind = ANY (ARRAY[$2::VARCHAR, $3::VARCHAR, $4::VARCHAR, $5::VARCHAR, $6::VARCHAR]) AND pg_catalog.pg_table_is_visible(pg_catalog.pg_class.oid) AND pg_catalog.pg_namespace.nspname != $7::VARCHAR]
[parameters: ('users', 'r', 'p', 'f', 'v', 'm', 'pg_catalog')]
(Background on this error at: https://sqlalche.me/e/20/rvf5)
2026-08-13 20:45:55,181 - ReferralBot - ERROR - Qayta ishga tushirish... Sabab: (sqlalchemy.dialects.postgresql.asyncpg.InterfaceError) <class 'asyncpg.exceptions._base.InterfaceError'>: cannot perform operation: another operation is in progress
[SQL: SELECT pg_catalog.pg_class.relname 
FROM pg_catalog.pg_class JOIN pg_catalog.pg_namespace ON pg_catalog.pg_namespace.oid = pg_catalog.pg_class.relnamespace 
WHERE pg_catalog.pg_class.relname = $1::VARCHAR AND pg_catalog.pg_class.relkind = ANY (ARRAY[$2::VARCHAR, $3::VARCHAR, $4::VARCHAR, $5::VARCHAR, $6::VARCHAR]) AND pg_catalog.pg_table_is_visible(pg_catalog.pg_class.oid) AND pg_catalog.pg_namespace.nspname != $7::VARCHAR]
[parameters: ('users', 'r', 'p', 'f', 'v', 'm', 'pg_catalog')]
(Background on this error at: https://sqlalche.me/e/20/rvf5)
2026-08-13 20:45:56,211 - ReferralBot - ERROR - Qayta ishga tushirish... Sabab: (sqlalchemy.dialects.postgresql.asyncpg.InterfaceError) <class 'asyncpg.exceptions._base.InterfaceError'>: cannot perform operation: another operation is in progress
[SQL: SELECT pg_catalog.pg_class.relname 
FROM pg_catalog.pg_class JOIN pg_catalog.pg_namespace ON pg_catalog.pg_namespace.oid = pg_catalog.pg_class.relnamespace 
WHERE pg_catalog.pg_class.relname = $1::VARCHAR AND pg_catalog.pg_class.relkind = ANY (ARRAY[$2::VARCHAR, $3::VARCHAR, $4::VARCHAR, $5::VARCHAR, $6::VARCHAR]) AND pg_catalog.pg_table_is_visible(pg_catalog.pg_class.oid) AND pg_catalog.pg_namespace.nspname != $7::VARCHAR]
[parameters: ('users', 'r', 'p', 'f', 'v', 'm', 'pg_catalog')]
(Background on this error at: https://sqlalche.me/e/20/rvf5)
2026-08-13 20:45:57,128 - ReferralBot - ERROR - Qayta ishga tushirish... Sabab: (sqlalchemy.dialects.postgresql.asyncpg.InterfaceError) <class 'asyncpg.exceptions._base.InterfaceError'>: cannot perform operation: another operation is in progress
[SQL: SELECT pg_catalog.pg_class.relname 
FROM pg_catalog.pg_class JOIN pg_catalog.pg_namespace ON pg_catalog.pg_namespace.oid = pg_catalog.pg_class.relnamespace 
WHERE pg_catalog.pg_class.relname = $1::VARCHAR AND pg_catalog.pg_class.relkind = ANY (ARRAY[$2::VARCHAR, $3::VARCHAR, $4::VARCHAR, $5::VARCHAR, $6::VARCHAR]) AND pg_catalog.pg_table_is_visible(pg_catalog.pg_class.oid) AND pg_catalog.pg_namespace.nspname != $7::VARCHAR]
[parameters: ('users', 'r', 'p', 'f', 'v', 'm', 'pg_catalog')]
(Background on this error at: https://sqlalche.me/e/20/rvf5)
2026-08-13 20:45:58,100 - ReferralBot - ERROR - Qayta ishga tushirish... Sabab: (sqlalchemy.dialects.postgresql.asyncpg.InterfaceError) <class 'asyncpg.exceptions._base.InterfaceError'>: cannot perform operation: another operation is in progress
[SQL: SELECT pg_catalog.pg_class.relname 
FROM pg_catalog.pg_class JOIN pg_catalog.pg_namespace ON pg_catalog.pg_namespace.oid = pg_catalog.pg_class.relnamespace 
WHERE pg_catalog.pg_class.relname = $1::VARCHAR AND pg_catalog.pg_class.relkind = ANY (ARRAY[$2::VARCHAR, $3::VARCHAR, $4::VARCHAR, $5::VARCHAR, $6::VARCHAR]) AND pg_catalog.pg_table_is_visible(pg_catalog.pg_class.oid) AND pg_catalog.pg_namespace.nspname != $7::VARCHAR]
[parameters: ('users', 'r', 'p', 'f', 'v', 'm', 'pg_catalog')]
(Background on this error at: https://sqlalche.me/e/20/rvf5)
2026-08-13 20:45:59,077 - ReferralBot - ERROR - Qayta ishga tushirish... Sabab: (sqlalchemy.dialects.postgresql.asyncpg.InterfaceError) <class 'asyncpg.exceptions._base.InterfaceError'>: cannot perform operation: another operation is in progress
[SQL: SELECT pg_catalog.pg_class.relname 
FROM pg_catalog.pg_class JOIN pg_catalog.pg_namespace ON pg_catalog.pg_namespace.oid = pg_catalog.pg_class.relnamespace 
WHERE pg_catalog.pg_class.relname = $1::VARCHAR AND pg_catalog.pg_class.relkind = ANY (ARRAY[$2::VARCHAR, $3::VARCHAR, $4::VARCHAR, $5::VARCHAR, $6::VARCHAR]) AND pg_catalog.pg_table_is_visible(pg_catalog.pg_class.oid) AND pg_catalog.pg_namespace.nspname != $7::VARCHAR]
[parameters: ('users', 'r', 'p', 'f', 'v', 'm', 'pg_catalog')]
(Background on this error at: https://sqlalche.me/e/20/rvf5)
2026-08-13 20:45:59,944 - ReferralBot - ERROR - Qayta ishga tushirish... Sabab: (sqlalchemy.dialects.postgresql.asyncpg.InterfaceError) <class 'asyncpg.exceptions._base.InterfaceError'>: cannot perform operation: another operation is in progress
[SQL: SELECT pg_catalog.pg_class.relname 
FROM pg_catalog.pg_class JOIN pg_catalog.pg_namespace ON pg_catalog.pg_namespace.oid = pg_catalog.pg_class.relnamespace 
WHERE pg_catalog.pg_class.relname = $1::VARCHAR AND pg_catalog.pg_class.relkind = ANY (ARRAY[$2::VARCHAR, $3::VARCHAR, $4::VARCHAR, $5::VARCHAR, $6::VARCHAR]) AND pg_catalog.pg_table_is_visible(pg_catalog.pg_class.oid) AND pg_catalog.pg_namespace.nspname != $7::VARCHAR]
[parameters: ('users', 'r', 'p', 'f', 'v', 'm', 'pg_catalog')]
(Background on this error at: https://sqlalche.me/e/20/rvf5)
2026-08-13 20:46:00,972 - ReferralBot - ERROR - Qayta ishga tushirish... Sabab: (sqlalchemy.dialects.postgresql.asyncpg.InterfaceError) <class 'asyncpg.exceptions._base.InterfaceError'>: cannot perform operation: another operation is in progress
[SQL: SELECT pg_catalog.pg_class.relname 
FROM pg_catalog.pg_class JOIN pg_catalog.pg_namespace ON pg_catalog.pg_namespace.oid = pg_catalog.pg_class.relnamespace 
WHERE pg_catalog.pg_class.relname = $1::VARCHAR AND pg_catalog.pg_class.relkind = ANY (ARRAY[$2::VARCHAR, $3::VARCHAR, $4::VARCHAR, $5::VARCHAR, $6::VARCHAR]) AND pg_catalog.pg_table_is_visible(pg_catalog.pg_class.oid) AND pg_catalog.pg_namespace.nspname != $7::VARCHAR]
[parameters: ('users', 'r', 'p', 'f', 'v', 'm', 'pg_catalog')]
(Background on this error at: https://sqlalche.me/e/20/rvf5)
2026-08-13 20:46:01,928 - ReferralBot - ERROR - Qayta ishga tushirish... Sabab: (sqlalchemy.dialects.postgresql.asyncpg.InterfaceError) <class 'asyncpg.exceptions._base.InterfaceError'>: cannot perform operation: another operation is in progress
[SQL: SELECT pg_catalog.pg_class.relname 
FROM pg_catalog.pg_class JOIN pg_catalog.pg_namespace ON pg_catalog.pg_namespace.oid = pg_catalog.pg_class.relnamespace 
WHERE pg_catalog.pg_class.relname = $1::VARCHAR AND pg_catalog.pg_class.relkind = ANY (ARRAY[$2::VARCHAR, $3::VARCHAR, $4::VARCHAR, $5::VARCHAR, $6::VARCHAR]) AND pg_catalog.pg_table_is_visible(pg_catalog.pg_class.oid) AND pg_catalog.pg_namespace.nspname != $7::VARCHAR]
[parameters: ('users', 'r', 'p', 'f', 'v', 'm', 'pg_catalog')]
(Background on this error at: https://sqlalche.me/e/20/rvf5)
2026-08-13 20:46:02,849 - ReferralBot - ERROR - Qayta ishga tushirish... Sabab: (sqlalchemy.dialects.postgresql.asyncpg.InterfaceError) <class 'asyncpg.exceptions._base.InterfaceError'>: cannot perform operation: another operation is in progress
[SQL: SELECT pg_catalog.pg_class.relname 
FROM pg_catalog.pg_class JOIN pg_catalog.pg_namespace ON pg_catalog.pg_namespace.oid = pg_catalog.pg_class.relnamespace 
WHERE pg_catalog.pg_class.relname = $1::VARCHAR AND pg_catalog.pg_class.relkind = ANY (ARRAY[$2::VARCHAR, $3::VARCHAR, $4::VARCHAR, $5::VARCHAR, $6::VARCHAR]) AND pg_catalog.pg_table_is_visible(pg_catalog.pg_class.oid) AND pg_catalog.pg_namespace.nspname != $7::VARCHAR]
[parameters: ('users', 'r', 'p', 'f', 'v', 'm', 'pg_catalog')]
(Background on this error at: https://sqlalche.me/e/20/rvf5)
2026-08-13 20:46:03,883 - ReferralBot - ERROR - Qayta ishga tushirish... Sabab: (sqlalchemy.dialects.postgresql.asyncpg.InterfaceError) <class 'asyncpg.exceptions._base.InterfaceError'>: cannot perform operation: another operation is in progress
[SQL: SELECT pg_catalog.pg_class.relname 
FROM pg_catalog.pg_class JOIN pg_catalog.pg_namespace ON pg_catalog.pg_namespace.oid = pg_catalog.pg_class.relnamespace 
WHERE pg_catalog.pg_class.relname = $1::VARCHAR AND pg_catalog.pg_class.relkind = ANY (ARRAY[$2::VARCHAR, $3::VARCHAR, $4::VARCHAR, $5::VARCHAR, $6::VARCHAR]) AND pg_catalog.pg_table_is_visible(pg_catalog.pg_class.oid) AND pg_catalog.pg_namespace.nspname != $7::VARCHAR]
[parameters: ('users', 'r', 'p', 'f', 'v', 'm', 'pg_catalog')]
(Background on this error at: https://sqlalche.me/e/20/rvf5)
2026-08-13 20:46:04,734 - ReferralBot - ERROR - Qayta ishga tushirish... Sabab: (sqlalchemy.dialects.postgresql.asyncpg.InterfaceError) <class 'asyncpg.exceptions._base.InterfaceError'>: cannot perform operation: another operation is in progress
[SQL: SELECT pg_catalog.pg_class.relname 
FROM pg_catalog.pg_class JOIN pg_catalog.pg_namespace ON pg_catalog.pg_namespace.oid = pg_catalog.pg_class.relnamespace 
WHERE pg_catalog.pg_class.relname = $1::VARCHAR AND pg_catalog.pg_class.relkind = ANY (ARRAY[$2::VARCHAR, $3::VARCHAR, $4::VARCHAR, $5::VARCHAR, $6::VARCHAR]) AND pg_catalog.pg_table_is_visible(pg_catalog.pg_class.oid) AND pg_catalog.pg_namespace.nspname != $7::VARCHAR]
[parameters: ('users', 'r', 'p', 'f', 'v', 'm', 'pg_catalog')]
(Background on this error at: https://sqlalche.me/e/20/rvf5)
2026-08-13 20:46:05,692 - ReferralBot - ERROR - Qayta ishga tushirish... Sabab: (sqlalchemy.dialects.postgresql.asyncpg.InterfaceError) <class 'asyncpg.exceptions._base.InterfaceError'>: cannot perform operation: another operation is in progress
[SQL: SELECT pg_catalog.pg_class.relname 
FROM pg_catalog.pg_class JOIN pg_catalog.pg_namespace ON pg_catalog.pg_namespace.oid = pg_catalog.pg_class.relnamespace 
WHERE pg_catalog.pg_class.relname = $1::VARCHAR AND pg_catalog.pg_class.relkind = ANY (ARRAY[$2::VARCHAR, $3::VARCHAR, $4::VARCHAR, $5::VARCHAR, $6::VARCHAR]) AND pg_catalog.pg_table_is_visible(pg_catalog.pg_class.oid) AND pg_catalog.pg_namespace.nspname != $7::VARCHAR]
[parameters: ('users', 'r', 'p', 'f', 'v', 'm', 'pg_catalog')]
(Background on this error at: https://sqlalche.me/e/20/rvf5)
2026-08-13 20:46:06,628 - ReferralBot - ERROR - Qayta ishga tushirish... Sabab: (sqlalchemy.dialects.postgresql.asyncpg.InterfaceError) <class 'asyncpg.exceptions._base.InterfaceError'>: cannot perform operation: another operation is in progress
[SQL: SELECT pg_catalog.pg_class.relname 
FROM pg_catalog.pg_class JOIN pg_catalog.pg_namespace ON pg_catalog.pg_namespace.oid = pg_catalog.pg_class.relnamespace 
WHERE pg_catalog.pg_class.relname = $1::VARCHAR AND pg_catalog.pg_class.relkind = ANY (ARRAY[$2::VARCHAR, $3::VARCHAR, $4::VARCHAR, $5::VARCHAR, $6::VARCHAR]) AND pg_catalog.pg_table_is_visible(pg_catalog.pg_class.oid) AND pg_catalog.pg_namespace.nspname != $7::VARCHAR]
[parameters: ('users', 'r', 'p', 'f', 'v', 'm', 'pg_catalog')]
(Background on this error at: https://sqlalche.me/e/20/rvf5)
2026-08-13 20:46:07,503 - ReferralBot - ERROR - Qayta ishga tushirish... Sabab: (sqlalchemy.dialects.postgresql.asyncpg.InterfaceError) <class 'asyncpg.exceptions._base.InterfaceError'>: cannot perform operation: another operation is in progress
[SQL: SELECT pg_catalog.pg_class.relname 
FROM pg_catalog.pg_class JOIN pg_catalog.pg_namespace ON pg_catalog.pg_namespace.oid = pg_catalog.pg_class.relnamespace 
WHERE pg_catalog.pg_class.relname = $1::VARCHAR AND pg_catalog.pg_class.relkind = ANY (ARRAY[$2::VARCHAR, $3::VARCHAR, $4::VARCHAR, $5::VARCHAR, $6::VARCHAR]) AND pg_catalog.pg_table_is_visible(pg_catalog.pg_class.oid) AND pg_catalog.pg_namespace.nspname != $7::VARCHAR]
[parameters: ('users', 'r', 'p', 'f', 'v', 'm', 'pg_catalog')]
(Background on this error at: https://sqlalche.me/e/20/rvf5)
2026-08-13 20:46:08,513 - ReferralBot - ERROR - Qayta ishga tushirish... Sabab: (sqlalchemy.dialects.postgresql.asyncpg.InterfaceError) <class 'asyncpg.exceptions._base.InterfaceError'>: cannot perform operation: another operation is in progress
[SQL: SELECT pg_catalog.pg_class.relname 
FROM pg_catalog.pg_class JOIN pg_catalog.pg_namespace ON pg_catalog.pg_namespace.oid = pg_catalog.pg_class.relnamespace 
WHERE pg_catalog.pg_class.relname = $1::VARCHAR AND pg_catalog.pg_class.relkind = ANY (ARRAY[$2::VARCHAR, $3::VARCHAR, $4::VARCHAR, $5::VARCHAR, $6::VARCHAR]) AND pg_catalog.pg_table_is_visible(pg_catalog.pg_class.oid) AND pg_catalog.pg_namespace.nspname != $7::VARCHAR]
[parameters: ('users', 'r', 'p', 'f', 'v', 'm', 'pg_catalog')]
(Background on this error at: https://sqlalche.me/e/20/rvf5)
2026-08-13 20:46:09,510 - ReferralBot - ERROR - Qayta ishga tushirish... Sabab: (sqlalchemy.dialects.postgresql.asyncpg.InterfaceError) <class 'asyncpg.exceptions._base.InterfaceError'>: cannot perform operation: another operation is in progress
[SQL: SELECT pg_catalog.pg_class.relname 
FROM pg_catalog.pg_class JOIN pg_catalog.pg_namespace ON pg_catalog.pg_namespace.oid = pg_catalog.pg_class.relnamespace 
WHERE pg_catalog.pg_class.relname = $1::VARCHAR AND pg_catalog.pg_class.relkind = ANY (ARRAY[$2::VARCHAR, $3::VARCHAR, $4::VARCHAR, $5::VARCHAR, $6::VARCHAR]) AND pg_catalog.pg_table_is_visible(pg_catalog.pg_class.oid) AND pg_catalog.pg_namespace.nspname != $7::VARCHAR]
[parameters: ('users', 'r', 'p', 'f', 'v', 'm', 'pg_catalog')]
(Background on this error at: https://sqlalche.me/e/20/rvf5)
2026-08-13 20:46:10,462 - ReferralBot - ERROR - Qayta ishga tushirish... Sabab: (sqlalchemy.dialects.postgresql.asyncpg.InterfaceError) <class 'asyncpg.exceptions._base.InterfaceError'>: cannot perform operation: another operation is in progress
[SQL: SELECT pg_catalog.pg_class.relname 
FROM pg_catalog.pg_class JOIN pg_catalog.pg_namespace ON pg_catalog.pg_namespace.oid = pg_catalog.pg_class.relnamespace 
WHERE pg_catalog.pg_class.relname = $1::VARCHAR AND pg_catalog.pg_class.relkind = ANY (ARRAY[$2::VARCHAR, $3::VARCHAR, $4::VARCHAR, $5::VARCHAR, $6::VARCHAR]) AND pg_catalog.pg_table_is_visible(pg_catalog.pg_class.oid) AND pg_catalog.pg_namespace.nspname != $7::VARCHAR]
[parameters: ('users', 'r', 'p', 'f', 'v', 'm', 'pg_catalog')]
(Background on this error at: https://sqlalche.me/e/20/rvf5)
2026-08-13 20:46:11,294 - ReferralBot - ERROR - Qayta ishga tushirish... Sabab: (sqlalchemy.dialects.postgresql.asyncpg.InterfaceError) <class 'asyncpg.exceptions._base.InterfaceError'>: cannot perform operation: another operation is in progress
[SQL: SELECT pg_catalog.pg_class.relname 
FROM pg_catalog.pg_class JOIN pg_catalog.pg_namespace ON pg_catalog.pg_namespace.oid = pg_catalog.pg_class.relnamespace 
WHERE pg_catalog.pg_class.relname = $1::VARCHAR AND pg_catalog.pg_class.relkind = ANY (ARRAY[$2::VARCHAR, $3::VARCHAR, $4::VARCHAR, $5::VARCHAR, $6::VARCHAR]) AND pg_catalog.pg_table_is_visible(pg_catalog.pg_class.oid) AND pg_catalog.pg_namespace.nspname != $7::VARCHAR]
[parameters: ('users', 'r', 'p', 'f', 'v', 'm', 'pg_catalog')]
(Background on this error at: https://sqlalche.me/e/20/rvf5)
2026-08-13 20:46:12,056 - ReferralBot - ERROR - Qayta ishga tushirish... Sabab: (sqlalchemy.dialects.postgresql.asyncpg.InterfaceError) <class 'asyncpg.exceptions._base.InterfaceError'>: cannot perform operation: another operation is in progress
[SQL: SELECT pg_catalog.pg_class.relname 
FROM pg_catalog.pg_class JOIN pg_catalog.pg_namespace ON pg_catalog.pg_namespace.oid = pg_catalog.pg_class.relnamespace 
WHERE pg_catalog.pg_class.relname = $1::VARCHAR AND pg_catalog.pg_class.relkind = ANY (ARRAY[$2::VARCHAR, $3::VARCHAR, $4::VARCHAR, $5::VARCHAR, $6::VARCHAR]) AND pg_catalog.pg_table_is_visible(pg_catalog.pg_class.oid) AND pg_catalog.pg_namespace.nspname != $7::VARCHAR]
[parameters: ('users', 'r', 'p', 'f', 'v', 'm', 'pg_catalog')]
(Background on this error at: https://sqlalche.me/e/20/rvf5)
2026-08-13 20:46:12,458 - ReferralBot - ERROR - Qayta ishga tushirish... Sabab: (sqlalchemy.dialects.postgresql.asyncpg.InterfaceError) <class 'asyncpg.exceptions._base.InterfaceError'>: cannot perform operation: another operation is in progress
[SQL: SELECT pg_catalog.pg_class.relname 
FROM pg_catalog.pg_class JOIN pg_catalog.pg_namespace ON pg_catalog.pg_namespace.oid = pg_catalog.pg_class.relnamespace 
WHERE pg_catalog.pg_class.relname = $1::VARCHAR AND pg_catalog.pg_class.relkind = ANY (ARRAY[$2::VARCHAR, $3::VARCHAR, $4::VARCHAR, $5::VARCHAR, $6::VARCHAR]) AND pg_catalog.pg_table_is_visible(pg_catalog.pg_class.oid) AND pg_catalog.pg_namespace.nspname != $7::VARCHAR]
[parameters: ('users', 'r', 'p', 'f', 'v', 'm', 'pg_catalog')]
(Background on this error at: https://sqlalche.me/e/20/rvf5)
2026-08-13 20:46:12,913 - ReferralBot - ERROR - Qayta ishga tushirish... Sabab: (sqlalchemy.dialects.postgresql.asyncpg.InterfaceError) <class 'asyncpg.exceptions._base.InterfaceError'>: cannot perform operation: another operation is in progress
[SQL: SELECT pg_catalog.pg_class.relname 
FROM pg_catalog.pg_class JOIN pg_catalog.pg_namespace ON pg_catalog.pg_namespace.oid = pg_catalog.pg_class.relnamespace 
WHERE pg_catalog.pg_class.relname = $1::VARCHAR AND pg_catalog.pg_class.relkind = ANY (ARRAY[$2::VARCHAR, $3::VARCHAR, $4::VARCHAR, $5::VARCHAR, $6::VARCHAR]) AND pg_catalog.pg_table_is_visible(pg_catalog.pg_class.oid) AND pg_catalog.pg_namespace.nspname != $7::VARCHAR]
[parameters: ('users', 'r', 'p', 'f', 'v', 'm', 'pg_catalog')]
(Background on this error at: https://sqlalche.me/e/20/rvf5)
2026-08-13 20:46:13,381 - ReferralBot - INFO - Bot to'xtatildi (Ctrl+C)
2026-08-13 20:49:49,365 - ReferralBot - INFO - Baza muvaffaqiyatli yaratildi va ulandi.
2026-08-13 20:49:49,384 - ReferralBot - INFO - Bot ishga tushdi...
2026-08-13 21:04:39,290 - ReferralBot - INFO - Baza muvaffaqiyatli yaratildi va ulandi.
2026-08-13 21:04:39,305 - ReferralBot - INFO - Bot ishga tushdi...
2026-08-13 21:09:15,306 - ReferralBot - INFO - Bot to'xtatildi (Ctrl+C)
2026-08-13 21:09:20,548 - ReferralBot - INFO - Baza muvaffaqiyatli yaratildi va ulandi.
2026-08-13 21:09:20,578 - ReferralBot - INFO - Bot ishga tushdi...
2026-08-13 21:09:35,418 - ReferralBot - INFO - Yangi foydalanuvchi: 6705166692 (Referrer: None)
2026-08-13 21:10:02,779 - ReferralBot - INFO - Yangi foydalanuvchi: 8860097716 (Referrer: None)
2026-08-13 21:28:57,519 - ReferralBot - INFO - Bot to'xtatildi (Ctrl+C)
2026-08-13 21:29:02,532 - ReferralBot - INFO - Baza muvaffaqiyatli yaratildi va ulandi.
2026-08-13 21:29:02,541 - ReferralBot - ERROR - Qayta ishga tushirish... Sabab: unterminated string literal (detected at line 129) (user.py, line 129)
2026-08-13 21:29:07,779 - ReferralBot - ERROR - Qayta ishga tushirish... Sabab: 'NoneType' object has no attribute 'send'
2026-08-13 21:29:13,624 - ReferralBot - ERROR - Qayta ishga tushirish... Sabab: (sqlalchemy.dialects.postgresql.asyncpg.InterfaceError) <class 'asyncpg.exceptions._base.InterfaceError'>: cannot perform operation: another operation is in progress
[SQL: SELECT pg_catalog.pg_class.relname 
FROM pg_catalog.pg_class JOIN pg_catalog.pg_namespace ON pg_catalog.pg_namespace.oid = pg_catalog.pg_class.relnamespace 
WHERE pg_catalog.pg_class.relname = $1::VARCHAR AND pg_catalog.pg_class.relkind = ANY (ARRAY[$2::VARCHAR, $3::VARCHAR, $4::VARCHAR, $5::VARCHAR, $6::VARCHAR]) AND pg_catalog.pg_table_is_visible(pg_catalog.pg_class.oid) AND pg_catalog.pg_namespace.nspname != $7::VARCHAR]
[parameters: ('users', 'r', 'p', 'f', 'v', 'm', 'pg_catalog')]
(Background on this error at: https://sqlalche.me/e/20/rvf5)
2026-08-13 21:29:19,569 - ReferralBot - ERROR - Qayta ishga tushirish... Sabab: (sqlalchemy.dialects.postgresql.asyncpg.InterfaceError) <class 'asyncpg.exceptions._base.InterfaceError'>: cannot perform operation: another operation is in progress
[SQL: SELECT pg_catalog.pg_class.relname 
FROM pg_catalog.pg_class JOIN pg_catalog.pg_namespace ON pg_catalog.pg_namespace.oid = pg_catalog.pg_class.relnamespace 
WHERE pg_catalog.pg_class.relname = $1::VARCHAR AND pg_catalog.pg_class.relkind = ANY (ARRAY[$2::VARCHAR, $3::VARCHAR, $4::VARCHAR, $5::VARCHAR, $6::VARCHAR]) AND pg_catalog.pg_table_is_visible(pg_catalog.pg_class.oid) AND pg_catalog.pg_namespace.nspname != $7::VARCHAR]
[parameters: ('users', 'r', 'p', 'f', 'v', 'm', 'pg_catalog')]
(Background on this error at: https://sqlalche.me/e/20/rvf5)
2026-08-13 21:29:25,499 - ReferralBot - ERROR - Qayta ishga tushirish... Sabab: (sqlalchemy.dialects.postgresql.asyncpg.InterfaceError) <class 'asyncpg.exceptions._base.InterfaceError'>: cannot perform operation: another operation is in progress
[SQL: SELECT pg_catalog.pg_class.relname 
FROM pg_catalog.pg_class JOIN pg_catalog.pg_namespace ON pg_catalog.pg_namespace.oid = pg_catalog.pg_class.relnamespace 
WHERE pg_catalog.pg_class.relname = $1::VARCHAR AND pg_catalog.pg_class.relkind = ANY (ARRAY[$2::VARCHAR, $3::VARCHAR, $4::VARCHAR, $5::VARCHAR, $6::VARCHAR]) AND pg_catalog.pg_table_is_visible(pg_catalog.pg_class.oid) AND pg_catalog.pg_namespace.nspname != $7::VARCHAR]
[parameters: ('users', 'r', 'p', 'f', 'v', 'm', 'pg_catalog')]
(Background on this error at: https://sqlalche.me/e/20/rvf5)
2026-08-13 21:29:31,449 - ReferralBot - ERROR - Qayta ishga tushirish... Sabab: (sqlalchemy.dialects.postgresql.asyncpg.InterfaceError) <class 'asyncpg.exceptions._base.InterfaceError'>: cannot perform operation: another operation is in progress
[SQL: SELECT pg_catalog.pg_class.relname 
FROM pg_catalog.pg_class JOIN pg_catalog.pg_namespace ON pg_catalog.pg_namespace.oid = pg_catalog.pg_class.relnamespace 
WHERE pg_catalog.pg_class.relname = $1::VARCHAR AND pg_catalog.pg_class.relkind = ANY (ARRAY[$2::VARCHAR, $3::VARCHAR, $4::VARCHAR, $5::VARCHAR, $6::VARCHAR]) AND pg_catalog.pg_table_is_visible(pg_catalog.pg_class.oid) AND pg_catalog.pg_namespace.nspname != $7::VARCHAR]
[parameters: ('users', 'r', 'p', 'f', 'v', 'm', 'pg_catalog')]
(Background on this error at: https://sqlalche.me/e/20/rvf5)
2026-08-13 21:29:36,861 - ReferralBot - ERROR - Qayta ishga tushirish... Sabab: (sqlalchemy.dialects.postgresql.asyncpg.InterfaceError) <class 'asyncpg.exceptions._base.InterfaceError'>: cannot perform operation: another operation is in progress
[SQL: SELECT pg_catalog.pg_class.relname 
FROM pg_catalog.pg_class JOIN pg_catalog.pg_namespace ON pg_catalog.pg_namespace.oid = pg_catalog.pg_class.relnamespace 
WHERE pg_catalog.pg_class.relname = $1::VARCHAR AND pg_catalog.pg_class.relkind = ANY (ARRAY[$2::VARCHAR, $3::VARCHAR, $4::VARCHAR, $5::VARCHAR, $6::VARCHAR]) AND pg_catalog.pg_table_is_visible(pg_catalog.pg_class.oid) AND pg_catalog.pg_namespace.nspname != $7::VARCHAR]
[parameters: ('users', 'r', 'p', 'f', 'v', 'm', 'pg_catalog')]
(Background on this error at: https://sqlalche.me/e/20/rvf5)
2026-08-13 21:29:47,895 - ReferralBot - INFO - Baza muvaffaqiyatli yaratildi va ulandi.
2026-08-13 21:29:47,912 - ReferralBot - ERROR - Qayta ishga tushirish... Sabab: unterminated string literal (detected at line 129) (user.py, line 129)
2026-08-13 21:29:53,339 - ReferralBot - ERROR - Qayta ishga tushirish... Sabab: 'NoneType' object has no attribute 'send'
2026-08-13 21:30:00,265 - ReferralBot - ERROR - Qayta ishga tushirish... Sabab: (sqlalchemy.dialects.postgresql.asyncpg.InterfaceError) <class 'asyncpg.exceptions._base.InterfaceError'>: cannot perform operation: another operation is in progress
[SQL: SELECT pg_catalog.pg_class.relname 
FROM pg_catalog.pg_class JOIN pg_catalog.pg_namespace ON pg_catalog.pg_namespace.oid = pg_catalog.pg_class.relnamespace 
WHERE pg_catalog.pg_class.relname = $1::VARCHAR AND pg_catalog.pg_class.relkind = ANY (ARRAY[$2::VARCHAR, $3::VARCHAR, $4::VARCHAR, $5::VARCHAR, $6::VARCHAR]) AND pg_catalog.pg_table_is_visible(pg_catalog.pg_class.oid) AND pg_catalog.pg_namespace.nspname != $7::VARCHAR]
[parameters: ('users', 'r', 'p', 'f', 'v', 'm', 'pg_catalog')]
(Background on this error at: https://sqlalche.me/e/20/rvf5)
2026-08-13 21:30:06,121 - ReferralBot - ERROR - Qayta ishga tushirish... Sabab: (sqlalchemy.dialects.postgresql.asyncpg.InterfaceError) <class 'asyncpg.exceptions._base.InterfaceError'>: cannot perform operation: another operation is in progress
[SQL: SELECT pg_catalog.pg_class.relname 
FROM pg_catalog.pg_class JOIN pg_catalog.pg_namespace ON pg_catalog.pg_namespace.oid = pg_catalog.pg_class.relnamespace 
WHERE pg_catalog.pg_class.relname = $1::VARCHAR AND pg_catalog.pg_class.relkind = ANY (ARRAY[$2::VARCHAR, $3::VARCHAR, $4::VARCHAR, $5::VARCHAR, $6::VARCHAR]) AND pg_catalog.pg_table_is_visible(pg_catalog.pg_class.oid) AND pg_catalog.pg_namespace.nspname != $7::VARCHAR]
[parameters: ('users', 'r', 'p', 'f', 'v', 'm', 'pg_catalog')]
(Background on this error at: https://sqlalche.me/e/20/rvf5)
2026-08-13 21:30:11,943 - ReferralBot - ERROR - Qayta ishga tushirish... Sabab: (sqlalchemy.dialects.postgresql.asyncpg.InterfaceError) <class 'asyncpg.exceptions._base.InterfaceError'>: cannot perform operation: another operation is in progress
[SQL: SELECT pg_catalog.pg_class.relname 
FROM pg_catalog.pg_class JOIN pg_catalog.pg_namespace ON pg_catalog.pg_namespace.oid = pg_catalog.pg_class.relnamespace 
WHERE pg_catalog.pg_class.relname = $1::VARCHAR AND pg_catalog.pg_class.relkind = ANY (ARRAY[$2::VARCHAR, $3::VARCHAR, $4::VARCHAR, $5::VARCHAR, $6::VARCHAR]) AND pg_catalog.pg_table_is_visible(pg_catalog.pg_class.oid) AND pg_catalog.pg_namespace.nspname != $7::VARCHAR]
[parameters: ('users', 'r', 'p', 'f', 'v', 'm', 'pg_catalog')]
(Background on this error at: https://sqlalche.me/e/20/rvf5)
2026-08-13 21:30:17,727 - ReferralBot - ERROR - Qayta ishga tushirish... Sabab: (sqlalchemy.dialects.postgresql.asyncpg.InterfaceError) <class 'asyncpg.exceptions._base.InterfaceError'>: cannot perform operation: another operation is in progress
[SQL: SELECT pg_catalog.pg_class.relname 
FROM pg_catalog.pg_class JOIN pg_catalog.pg_namespace ON pg_catalog.pg_namespace.oid = pg_catalog.pg_class.relnamespace 
WHERE pg_catalog.pg_class.relname = $1::VARCHAR AND pg_catalog.pg_class.relkind = ANY (ARRAY[$2::VARCHAR, $3::VARCHAR, $4::VARCHAR, $5::VARCHAR, $6::VARCHAR]) AND pg_catalog.pg_table_is_visible(pg_catalog.pg_class.oid) AND pg_catalog.pg_namespace.nspname != $7::VARCHAR]
[parameters: ('users', 'r', 'p', 'f', 'v', 'm', 'pg_catalog')]
(Background on this error at: https://sqlalche.me/e/20/rvf5)
2026-08-13 21:30:23,636 - ReferralBot - ERROR - Qayta ishga tushirish... Sabab: (sqlalchemy.dialects.postgresql.asyncpg.InterfaceError) <class 'asyncpg.exceptions._base.InterfaceError'>: cannot perform operation: another operation is in progress
[SQL: SELECT pg_catalog.pg_class.relname 
FROM pg_catalog.pg_class JOIN pg_catalog.pg_namespace ON pg_catalog.pg_namespace.oid = pg_catalog.pg_class.relnamespace 
WHERE pg_catalog.pg_class.relname = $1::VARCHAR AND pg_catalog.pg_class.relkind = ANY (ARRAY[$2::VARCHAR, $3::VARCHAR, $4::VARCHAR, $5::VARCHAR, $6::VARCHAR]) AND pg_catalog.pg_table_is_visible(pg_catalog.pg_class.oid) AND pg_catalog.pg_namespace.nspname != $7::VARCHAR]
[parameters: ('users', 'r', 'p', 'f', 'v', 'm', 'pg_catalog')]
(Background on this error at: https://sqlalche.me/e/20/rvf5)
2026-08-13 21:30:29,416 - ReferralBot - ERROR - Qayta ishga tushirish... Sabab: (sqlalchemy.dialects.postgresql.asyncpg.InterfaceError) <class 'asyncpg.exceptions._base.InterfaceError'>: cannot perform operation: another operation is in progress
[SQL: SELECT pg_catalog.pg_class.relname 
FROM pg_catalog.pg_class JOIN pg_catalog.pg_namespace ON pg_catalog.pg_namespace.oid = pg_catalog.pg_class.relnamespace 
WHERE pg_catalog.pg_class.relname = $1::VARCHAR AND pg_catalog.pg_class.relkind = ANY (ARRAY[$2::VARCHAR, $3::VARCHAR, $4::VARCHAR, $5::VARCHAR, $6::VARCHAR]) AND pg_catalog.pg_table_is_visible(pg_catalog.pg_class.oid) AND pg_catalog.pg_namespace.nspname != $7::VARCHAR]
[parameters: ('users', 'r', 'p', 'f', 'v', 'm', 'pg_catalog')]
(Background on this error at: https://sqlalche.me/e/20/rvf5)
2026-08-13 21:30:35,204 - ReferralBot - ERROR - Qayta ishga tushirish... Sabab: (sqlalchemy.dialects.postgresql.asyncpg.InterfaceError) <class 'asyncpg.exceptions._base.InterfaceError'>: cannot perform operation: another operation is in progress
[SQL: SELECT pg_catalog.pg_class.relname 
FROM pg_catalog.pg_class JOIN pg_catalog.pg_namespace ON pg_catalog.pg_namespace.oid = pg_catalog.pg_class.relnamespace 
WHERE pg_catalog.pg_class.relname = $1::VARCHAR AND pg_catalog.pg_class.relkind = ANY (ARRAY[$2::VARCHAR, $3::VARCHAR, $4::VARCHAR, $5::VARCHAR, $6::VARCHAR]) AND pg_catalog.pg_table_is_visible(pg_catalog.pg_class.oid) AND pg_catalog.pg_namespace.nspname != $7::VARCHAR]
[parameters: ('users', 'r', 'p', 'f', 'v', 'm', 'pg_catalog')]
(Background on this error at: https://sqlalche.me/e/20/rvf5)
2026-08-13 21:30:41,106 - ReferralBot - ERROR - Qayta ishga tushirish... Sabab: (sqlalchemy.dialects.postgresql.asyncpg.InterfaceError) <class 'asyncpg.exceptions._base.InterfaceError'>: cannot perform operation: another operation is in progress
[SQL: SELECT pg_catalog.pg_class.relname 
FROM pg_catalog.pg_class JOIN pg_catalog.pg_namespace ON pg_catalog.pg_namespace.oid = pg_catalog.pg_class.relnamespace 
WHERE pg_catalog.pg_class.relname = $1::VARCHAR AND pg_catalog.pg_class.relkind = ANY (ARRAY[$2::VARCHAR, $3::VARCHAR, $4::VARCHAR, $5::VARCHAR, $6::VARCHAR]) AND pg_catalog.pg_table_is_visible(pg_catalog.pg_class.oid) AND pg_catalog.pg_namespace.nspname != $7::VARCHAR]
[parameters: ('users', 'r', 'p', 'f', 'v', 'm', 'pg_catalog')]
(Background on this error at: https://sqlalche.me/e/20/rvf5)
2026-08-13 21:30:46,825 - ReferralBot - ERROR - Qayta ishga tushirish... Sabab: (sqlalchemy.dialects.postgresql.asyncpg.InterfaceError) <class 'asyncpg.exceptions._base.InterfaceError'>: cannot perform operation: another operation is in progress
[SQL: SELECT pg_catalog.pg_class.relname 
FROM pg_catalog.pg_class JOIN pg_catalog.pg_namespace ON pg_catalog.pg_namespace.oid = pg_catalog.pg_class.relnamespace 
WHERE pg_catalog.pg_class.relname = $1::VARCHAR AND pg_catalog.pg_class.relkind = ANY (ARRAY[$2::VARCHAR, $3::VARCHAR, $4::VARCHAR, $5::VARCHAR, $6::VARCHAR]) AND pg_catalog.pg_table_is_visible(pg_catalog.pg_class.oid) AND pg_catalog.pg_namespace.nspname != $7::VARCHAR]
[parameters: ('users', 'r', 'p', 'f', 'v', 'm', 'pg_catalog')]
(Background on this error at: https://sqlalche.me/e/20/rvf5)
2026-08-13 21:30:52,684 - ReferralBot - ERROR - Qayta ishga tushirish... Sabab: (sqlalchemy.dialects.postgresql.asyncpg.InterfaceError) <class 'asyncpg.exceptions._base.InterfaceError'>: cannot perform operation: another operation is in progress
[SQL: SELECT pg_catalog.pg_class.relname 
FROM pg_catalog.pg_class JOIN pg_catalog.pg_namespace ON pg_catalog.pg_namespace.oid = pg_catalog.pg_class.relnamespace 
WHERE pg_catalog.pg_class.relname = $1::VARCHAR AND pg_catalog.pg_class.relkind = ANY (ARRAY[$2::VARCHAR, $3::VARCHAR, $4::VARCHAR, $5::VARCHAR, $6::VARCHAR]) AND pg_catalog.pg_table_is_visible(pg_catalog.pg_class.oid) AND pg_catalog.pg_namespace.nspname != $7::VARCHAR]
[parameters: ('users', 'r', 'p', 'f', 'v', 'm', 'pg_catalog')]
(Background on this error at: https://sqlalche.me/e/20/rvf5)
2026-08-13 21:30:57,950 - ReferralBot - ERROR - Qayta ishga tushirish... Sabab: (sqlalchemy.dialects.postgresql.asyncpg.InterfaceError) <class 'asyncpg.exceptions._base.InterfaceError'>: cannot perform operation: another operation is in progress
[SQL: SELECT pg_catalog.pg_class.relname 
FROM pg_catalog.pg_class JOIN pg_catalog.pg_namespace ON pg_catalog.pg_namespace.oid = pg_catalog.pg_class.relnamespace 
WHERE pg_catalog.pg_class.relname = $1::VARCHAR AND pg_catalog.pg_class.relkind = ANY (ARRAY[$2::VARCHAR, $3::VARCHAR, $4::VARCHAR, $5::VARCHAR, $6::VARCHAR]) AND pg_catalog.pg_table_is_visible(pg_catalog.pg_class.oid) AND pg_catalog.pg_namespace.nspname != $7::VARCHAR]
[parameters: ('users', 'r', 'p', 'f', 'v', 'm', 'pg_catalog')]
(Background on this error at: https://sqlalche.me/e/20/rvf5)
2026-08-13 21:46:48,548 - ReferralBot - INFO - Baza muvaffaqiyatli yaratildi va ulandi.
2026-08-13 21:46:48,602 - ReferralBot - INFO - Bot ishga tushdi...
2026-08-13 22:02:57,149 - ReferralBot - INFO - Yangi foydalanuvchi: 1873244570 (Referrer: None)
2026-08-13 22:20:34,053 - ReferralBot - INFO - Bot to'xtatildi (Ctrl+C)
2026-08-13 22:20:37,898 - ReferralBot - INFO - Baza muvaffaqiyatli yaratildi va ulandi.
2026-08-13 22:20:37,912 - ReferralBot - INFO - Bot ishga tushdi...
2026-08-13 22:26:56,175 - ReferralBot - INFO - Bot to'xtatildi (Ctrl+C)
2026-08-13 22:26:59,650 - ReferralBot - INFO - Baza muvaffaqiyatli yaratildi va ulandi.
2026-08-13 22:26:59,662 - ReferralBot - INFO - Bot ishga tushdi...
2026-08-13 22:37:29,520 - ReferralBot - INFO - Bot to'xtatildi (Ctrl+C)
2026-08-13 22:37:33,486 - ReferralBot - INFO - Baza muvaffaqiyatli yaratildi va ulandi.
2026-08-13 22:37:33,507 - ReferralBot - INFO - Bot ishga tushdi...
2026-08-13 22:57:48,709 - ReferralBot - INFO - Bot to'xtatildi (Ctrl+C)
2026-08-13 22:57:52,532 - ReferralBot - INFO - Baza muvaffaqiyatli yaratildi va ulandi.
2026-08-13 22:57:52,553 - ReferralBot - INFO - Bot ishga tushdi...
2026-08-13 23:12:33,815 - ReferralBot - INFO - Bot to'xtatildi (Ctrl+C)
